Component: ARM Compiler 5.06 update 6 (build 750) Tool: armlink [4d35ed]

==============================================================================

Section Cross References

    startup_stm32f4xx.o(STACK) refers (Special) to heapauxi.o(.text) for __use_two_region_memory
    startup_stm32f4xx.o(HEAP) refers (Special) to heapauxi.o(.text) for __use_two_region_memory
    startup_stm32f4xx.o(RESET) refers (Special) to heapauxi.o(.text) for __use_two_region_memory
    startup_stm32f4xx.o(RESET) refers to startup_stm32f4xx.o(STACK) for __initial_sp
    startup_stm32f4xx.o(RESET) refers to startup_stm32f4xx.o(.text) for Reset_Handler
    startup_stm32f4xx.o(RESET) refers to stm32f4xx_it.o(.text) for NMI_Handler
    startup_stm32f4xx.o(RESET) refers to port.o(.emb_text) for SVC_Handler
    startup_stm32f4xx.o(RESET) refers to port.o(.text) for SysTick_Handler
    startup_stm32f4xx.o(RESET) refers to main.o(.text) for TIM2_IRQHandler
    startup_stm32f4xx.o(.text) refers (Special) to heapauxi.o(.text) for __use_two_region_memory
    startup_stm32f4xx.o(.text) refers to system_stm32f4xx.o(.text) for SystemInit
    startup_stm32f4xx.o(.text) refers to __main.o(!!!main) for __main
    startup_stm32f4xx.o(.text) refers to startup_stm32f4xx.o(HEAP) for Heap_Mem
    startup_stm32f4xx.o(.text) refers to startup_stm32f4xx.o(STACK) for Stack_Mem
    system_stm32f4xx.o(.text) refers to system_stm32f4xx.o(.data) for SystemCoreClock
    main.o(.text) refers to tasks.o(.text) for vTaskDelay
    main.o(.text) refers to discoveryf4utils.o(.text) for STM_EVAL_LEDOff
    main.o(.text) refers to stm32f4xx_rcc.o(.text) for RCC_APB1PeriphClockCmd
    main.o(.text) refers to stm32f4xx_tim.o(.text) for TIM_TimeBaseInit
    main.o(.text) refers to stm32f4xx_gpio.o(.text) for GPIO_ReadInputDataBit
    main.o(.text) refers to main.o(.data) for coffeeSelected
    main.o(.text) refers to main.o(.bss) for timer_InitStructure
    main.o(.text) refers to misc.o(.text) for NVIC_Init
    main.o(.text) refers to system_stm32f4xx.o(.data) for SystemCoreClock
    discoveryf4utils.o(.text) refers to stm32f4xx_rcc.o(.text) for RCC_AHB1PeriphClockCmd
    discoveryf4utils.o(.text) refers to stm32f4xx_gpio.o(.text) for GPIO_Init
    discoveryf4utils.o(.text) refers to stm32f4xx_syscfg.o(.text) for SYSCFG_EXTILineConfig
    discoveryf4utils.o(.text) refers to stm32f4xx_exti.o(.text) for EXTI_Init
    discoveryf4utils.o(.text) refers to misc.o(.text) for NVIC_Init
    discoveryf4utils.o(.text) refers to stm32f4xx_usart.o(.text) for USART_Init
    discoveryf4utils.o(.text) refers to discoveryf4utils.o(.constdata) for GPIO_CLK
    discoveryf4utils.o(.text) refers to discoveryf4utils.o(.data) for GPIO_PORT
    croutine.o(.text) refers to list.o(.text) for vListInitialise
    croutine.o(.text) refers to heap_2.o(.text) for pvPortMalloc
    croutine.o(.text) refers to port.o(.emb_text) for ulPortSetInterruptMask
    croutine.o(.text) refers to tasks.o(.text) for xTaskGetTickCount
    croutine.o(.text) refers to croutine.o(.bss) for pxReadyCoRoutineLists
    croutine.o(.text) refers to croutine.o(.data) for pxDelayedCoRoutineList
    event_groups.o(.text) refers to heap_2.o(.text) for pvPortMalloc
    event_groups.o(.text) refers to list.o(.text) for vListInitialise
    event_groups.o(.text) refers to port.o(.emb_text) for ulPortSetInterruptMask
    event_groups.o(.text) refers to tasks.o(.text) for vTaskSuspendAll
    event_groups.o(.text) refers to port.o(.text) for vPortYield
    queue.o(.text) refers to port.o(.emb_text) for ulPortSetInterruptMask
    queue.o(.text) refers to port.o(.text) for vPortEnterCritical
    queue.o(.text) refers to tasks.o(.text) for xTaskRemoveFromEventList
    queue.o(.text) refers to list.o(.text) for vListInitialise
    queue.o(.text) refers to heap_2.o(.text) for pvPortMalloc
    queue.o(.text) refers to rt_memcpy_v6.o(.text) for __aeabi_memcpy
    queue.o(.text) refers to queue.o(.bss) for xQueueRegistry
    tasks.o(.text) refers to list.o(.text) for vListInitialise
    tasks.o(.text) refers to heap_2.o(.text) for pvPortMalloc
    tasks.o(.text) refers to aeabi_memset.o(.text) for __aeabi_memset
    tasks.o(.text) refers to port.o(.emb_text) for ulPortSetInterruptMask
    tasks.o(.text) refers to port.o(.text) for pxPortInitialiseStack
    tasks.o(.text) refers to tasks.o(.bss) for pxReadyTasksLists
    tasks.o(.text) refers to tasks.o(.data) for pxDelayedTaskList
    tasks.o(.text) refers to timers.o(.text) for xTimerCreateTimerTask
    timers.o(.text) refers to list.o(.text) for vListInsert
    timers.o(.text) refers to tasks.o(.text) for xTaskGetSchedulerState
    timers.o(.text) refers to queue.o(.text) for xQueueGenericSend
    timers.o(.text) refers to port.o(.emb_text) for ulPortSetInterruptMask
    timers.o(.text) refers to heap_2.o(.text) for vPortFree
    timers.o(.text) refers to port.o(.text) for vPortYield
    timers.o(.text) refers to timers.o(.data) for pxOverflowTimerList
[...]
    Libraries\\STM32F4xx_StdPeriph_Driver\\src\\stm32f4xx_cryp_tdes.c 0x00000000   Number         0  stm32f4xx_cryp_tdes.o ABSOLUTE
    Libraries\\STM32F4xx_StdPeriph_Driver\\src\\stm32f4xx_dac.c 0x00000000   Number         0  stm32f4xx_dac.o ABSOLUTE
    Libraries\\STM32F4xx_StdPeriph_Driver\\src\\stm32f4xx_dbgmcu.c 0x00000000   Number         0  stm32f4xx_dbgmcu.o ABSOLUTE
    Libraries\\STM32F4xx_StdPeriph_Driver\\src\\stm32f4xx_dcmi.c 0x00000000   Number         0  stm32f4xx_dcmi.o ABSOLUTE
    Libraries\\STM32F4xx_StdPeriph_Driver\\src\\stm32f4xx_dma.c 0x00000000   Number         0  stm32f4xx_dma.o ABSOLUTE
    Libraries\\STM32F4xx_StdPeriph_Driver\\src\\stm32f4xx_dma2d.c 0x00000000   Number         0  stm32f4xx_dma2d.o ABSOLUTE
    Libraries\\STM32F4xx_StdPeriph_Driver\\src\\stm32f4xx_exti.c 0x00000000   Number         0  stm32f4xx_exti.o ABSOLUTE
    Libraries\\STM32F4xx_StdPeriph_Driver\\src\\stm32f4xx_flash.c 0x00000000   Number         0  stm32f4xx_flash.o ABSOLUTE
    Libraries\\STM32F4xx_StdPeriph_Driver\\src\\stm32f4xx_fsmc.c 0x00000000   Number         0  stm32f4xx_fsmc.o ABSOLUTE
    Libraries\\STM32F4xx_StdPeriph_Driver\\src\\stm32f4xx_gpio.c 0x00000000   Number         0  stm32f4xx_gpio.o ABSOLUTE
    Libraries\\STM32F4xx_StdPeriph_Driver\\src\\stm32f4xx_hash.c 0x00000000   Number         0  stm32f4xx_hash.o ABSOLUTE
    Libraries\\STM32F4xx_StdPeriph_Driver\\src\\stm32f4xx_hash_md5.c 0x00000000   Number         0  stm32f4xx_hash_md5.o ABSOLUTE
    Libraries\\STM32F4xx_StdPeriph_Driver\\src\\stm32f4xx_hash_sha1.c 0x00000000   Number         0  stm32f4xx_hash_sha1.o ABSOLUTE
    Libraries\\STM32F4xx_StdPeriph_Driver\\src\\stm32f4xx_i2c.c 0x00000000   Number         0  stm32f4xx_i2c.o ABSOLUTE
    Libraries\\STM32F4xx_StdPeriph_Driver\\src\\stm32f4xx_iwdg.c 0x00000000   Number         0  stm32f4xx_iwdg.o ABSOLUTE
    Libraries\\STM32F4xx_StdPeriph_Driver\\src\\stm32f4xx_ltdc.c 0x00000000   Number         0  stm32f4xx_ltdc.o ABSOLUTE
    Libraries\\STM32F4xx_StdPeriph_Driver\\src\\stm32f4xx_pwr.c 0x00000000   Number         0  stm32f4xx_pwr.o ABSOLUTE
    Libraries\\STM32F4xx_StdPeriph_Driver\\src\\stm32f4xx_rcc.c 0x00000000   Number         0  stm32f4xx_rcc.o ABSOLUTE
    Libraries\\STM32F4xx_StdPeriph_Driver\\src\\stm32f4xx_rng.c 0x00000000   Number         0  stm32f4xx_rng.o ABSOLUTE
    Libraries\\STM32F4xx_StdPeriph_Driver\\src\\stm32f4xx_rtc.c 0x00000000   Number         0  stm32f4xx_rtc.o ABSOLUTE
    Libraries\\STM32F4xx_StdPeriph_Driver\\src\\stm32f4xx_sai.c 0x00000000   Number         0  stm32f4xx_sai.o ABSOLUTE
    Libraries\\STM32F4xx_StdPeriph_Driver\\src\\stm32f4xx_sdio.c 0x00000000   Number         0  stm32f4xx_sdio.o ABSOLUTE
    Libraries\\STM32F4xx_StdPeriph_Driver\\src\\stm32f4xx_spi.c 0x00000000   Number         0  stm32f4xx_spi.o ABSOLUTE
    Libraries\\STM32F4xx_StdPeriph_Driver\\src\\stm32f4xx_syscfg.c 0x00000000   Number         0  stm32f4xx_syscfg.o ABSOLUTE
    Libraries\\STM32F4xx_StdPeriph_Driver\\src\\stm32f4xx_tim.c 0x00000000   Number         0  stm32f4xx_tim.o ABSOLUTE
    Libraries\\STM32F4xx_StdPeriph_Driver\\src\\stm32f4xx_usart.c 0x00000000   Number         0  stm32f4xx_usart.o ABSOLUTE
    Libraries\\STM32F4xx_StdPeriph_Driver\\src\\stm32f4xx_wwdg.c 0x00000000   Number         0  stm32f4xx_wwdg.o ABSOLUTE
    Source\\discoveryf4utils.c               0x00000000   Number         0  discoveryf4utils.o ABSOLUTE
    Source\\main.c                           0x00000000   Number         0  main.o ABSOLUTE
    Source\\stm32f4xx_it.c                   0x00000000   Number         0  stm32f4xx_it.o ABSOLUTE
    Source\discoveryf4utils.c                0x00000000   Number         0  discoveryf4utils.o ABSOLUTE
    Source\main.c                            0x00000000   Number         0  main.o ABSOLUTE
    Source\stm32f4xx_it.c                    0x00000000   Number         0  stm32f4xx_it.o ABSOLUTE
    Startup\\system_stm32f4xx.c              0x00000000   Number         0  system_stm32f4xx.o ABSOLUTE
    Startup\startup_stm32f4xx.s              0x00000000   Number         0  startup_stm32f4xx.o ABSOLUTE
    Startup\system_stm32f4xx.c               0x00000000   Number         0  system_stm32f4xx.o ABSOLUTE
    dc.s                                     0x00000000   Number         0  dc.o ABSOLUTE
    RESET                                    0x08000000   Section      392  startup_stm32f4xx.o(RESET)
    !!!main                                  0x08000188   Section        8  __main.o(!!!main)
    !!!scatter                               0x08000190   Section       52  __scatter.o(!!!scatter)
    !!handler_copy                           0x080001c4   Section       26  __scatter_copy.o(!!handler_copy)
    !!handler_zi                             0x080001e0   Section       28  __scatter_zi.o(!!handler_zi)
    .ARM.Collect$$libinit$$00000000          0x080001fc   Section        2  libinit.o(.ARM.Collect$$libinit$$00000000)
    .ARM.Collect$$libinit$$00000001          0x080001fe   Section        4  libinit2.o(.ARM.Collect$$libinit$$00000001)
    .ARM.Collect$$libinit$$00000004          0x08000202   Section        0  libinit2.o(.ARM.Collect$$libinit$$00000004)
    .ARM.Collect$$libinit$$0000000A          0x08000202   Section        0  libinit2.o(.ARM.Collect$$libinit$$0000000A)
    .ARM.Collect$$libinit$$0000000C          0x08000202   Section        0  libinit2.o(.ARM.Collect$$libinit$$0000000C)
    .ARM.Collect$$libinit$$0000000E          0x08000202   Section        0  libinit2.o(.ARM.Collect$$libinit$$0000000E)
    .ARM.Collect$$libinit$$00000011          0x08000202   Section        0  libinit2.o(.ARM.Collect$$libinit$$00000011)
    .ARM.Collect$$libinit$$00000013          0x08000202   Section        0  libinit2.o(.ARM.Collect$$libinit$$00000013)
    .ARM.Collect$$libinit$$00000015          0x08000202   Section        0  libinit2.o(.ARM.Collect$$libinit$$00000015)
    .ARM.Collect$$libinit$$00000017          0x08000202   Section        0  libinit2.o(.ARM.Collect$$libinit$$00000017)
    .ARM.Collect$$libinit$$00000019          0x08000202   Section        0  libinit2.o(.ARM.Collect$$libinit$$00000019)
    .ARM.Collect$$libinit$$0000001B          0x08000202   Section        0  libinit2.o(.ARM.Collect$$libinit$$0000001B)
    .ARM.Collect$$libinit$$0000001D          0x08000202   Section        0  libinit2.o(.ARM.Collect$$libinit$$0000001D)
    .ARM.Collect$$libinit$$0000001F          0x08000202   Section        0  libinit2.o(.ARM.Collect$$libinit$$0000001F)
    .ARM.Collect$$libinit$$00000021          0x08000202   Section        0  libinit2.o(.ARM.Collect$$libinit$$00000021)
    .ARM.Collect$$libinit$$00000023          0x08000202   Section        0  libinit2.o(.ARM.Collect$$libinit$$00000023)
    .ARM.Collect$$libinit$$00000025          0x08000202   Section        0  libinit2.o(.ARM.Collect$$libinit$$00000025)
    .ARM.Collect$$libinit$$0000002C          0x08000202   Section        0  libinit2.o(.ARM.Collect$$libinit$$0000002C)
    .ARM.Collect$$libinit$$0000002E          0x08000202   Section        0  libinit2.o(.ARM.Collect$$libinit$$0000002E)
    .ARM.Collect$$libinit$$00000030          0x08000202   Section        0  libinit2.o(.ARM.Collect$$libinit$$00000030)
    .ARM.Collect$$libinit$$00000032          0x08000202   Section        0  libinit2.o(.ARM.Collect$$libinit$$00000032)
    .ARM.Collect$$libinit$$00000033          0x08000202   Section        2  libinit2.o(.ARM.Collect$$libinit$$00000033)
    .ARM.Collect$$libshutdown$$00000000      0x08000204   Section        2  libshutdown.o(.ARM.Collect$$libshutdown$$00000000)
    .ARM.Collect$$libshutdown$$00000002      0x08000206   Section        0  libshutdown2.o(.ARM.Collect$$libshutdown$$00000002)
    .ARM.Collect$$libshutdown$$00000004      0x08000206   Section        0  libshutdown2.o(.ARM.Collect$$libshutdown$$00000004)
    .ARM.Collect$$libshutdown$$00000007      0x08000206   Section        0  libshutdown2.o(.ARM.Collect$$libshutdown$$00000007)
    .ARM.Collect$$libshutdown$$0000000A      0x08000206   Section        0  libshutdown2.o(.ARM.Collect$$libshutdown$$0000000A)
    .ARM.Collect$$libshutdown$$0000000C      0x08000206   Section        0  libshutdown2.o(.ARM.Collect$$libshutdown$$0000000C)
    .ARM.Collect$$libshutdown$$0000000F      0x08000206   Section        0  libshutdown2.o(.ARM.Collect$$libshutdown$$0000000F)
    .ARM.Collect$$libshutdown$$00000010      0x08000206   Section        2  libshutdown2.o(.ARM.Collect$$libshutdown$$00000010)
    .ARM.Collect$$rtentry$$00000000          0x08000208   Section        0  __rtentry.o(.ARM.Collect$$rtentry$$00000000)
    .ARM.Collect$$rtentry$$00000002          0x08000208   Section        0  __rtentry2.o(.ARM.Collect$$rtentry$$00000002)
    .ARM.Collect$$rtentry$$00000004          0x08000208   Section        6  __rtentry4.o(.ARM.Collect$$rtentry$$00000004)
    .ARM.Collect$$rtentry$$00000009          0x0800020e   Section        0  __rtentry2.o(.ARM.Collect$$rtentry$$00000009)
    .ARM.Collect$$rtentry$$0000000A          0x0800020e   Section        4  __rtentry2.o(.ARM.Collect$$rtentry$$0000000A)
    .ARM.Collect$$rtentry$$0000000C          0x08000212   Section        0  __rtentry2.o(.ARM.Collect$$rtentry$$0000000C)
    .ARM.Collect$$rtentry$$0000000D          0x08000212   Section        8  __rtentry2.o(.ARM.Collect$$rtentry$$0000000D)
    .ARM.Collect$$rtexit$$00000000           0x0800021a   Section        2  rtexit.o(.ARM.Collect$$rtexit$$00000000)
    .ARM.Collect$$rtexit$$00000002           0x0800021c   Section        0  rtexit2.o(.ARM.Collect$$rtexit$$00000002)
    .ARM.Collect$$rtexit$$00000003           0x0800021c   Section        4  rtexit2.o(.ARM.Collect$$rtexit$$00000003)
    .ARM.Collect$$rtexit$$00000004           0x08000220   Section        6  rtexit2.o(.ARM.Collect$$rtexit$$00000004)
    .emb_text                                0x08000228   Section      198  port.o(.emb_text)
    $v0                                      0x08000228   Number         0  port.o(.emb_text)
    .text                                    0x080002f0   Section       64  startup_stm32f4xx.o(.text)
    $v0                                      0x080002f0   Number         0  startup_stm32f4xx.o(.text)
    .text                                    0x08000330   Section        0  system_stm32f4xx.o(.text)
    SetSysClock                              0x08000331   Thumb Code   220  system_stm32f4xx.o(.text)
    .text                                    0x08000540   Section        0  main.o(.text)
    .text                                    0x08000c7c   Section        0  discoveryf4utils.o(.text)
    .text                                    0x08000ea4   Section        0  stm32f4xx_it.o(.text)
    .text                                    0x08000eb8   Section        0  list.o(.text)
    .text                                    0x08000f4c   Section        0  queue.o(.text)
    prvUnlockQueue                           0x08001021   Thumb Code   126  queue.o(.text)
    prvIsQueueFull                           0x0800109f   Thumb Code    30  queue.o(.text)
    prvCopyDataToQueue                       0x080010bd   Thumb Code   128  queue.o(.text)
    prvIsQueueEmpty                          0x0800130f   Thumb Code    26  queue.o(.text)
    prvCopyDataFromQueue                     0x08001329   Thumb Code    42  queue.o(.text)
    .text                                    0x08001824   Section        0  tasks.o(.text)
    prvInitialiseTaskLists                   0x08001825   Thumb Code    70  tasks.o(.text)
    prvInitialiseTCBVariables                0x0800186b   Thumb Code    90  tasks.o(.text)
    prvAllocateTCBAndStack                   0x080018c5   Thumb Code    58  tasks.o(.text)
    prvResetNextTaskUnblockTime              0x08001a1f   Thumb Code    42  tasks.o(.text)
    prvAddCurrentTaskToDelayedList           0x08001d13   Thumb Code    62  tasks.o(.text)
    prvTaskIsTaskSuspended                   0x080020c1   Thumb Code    68  tasks.o(.text)
    prvDeleteTCB                             0x080021eb   Thumb Code    18  tasks.o(.text)
    prvCheckTasksWaitingTermination          0x080021fd   Thumb Code    86  tasks.o(.text)
    prvIdleTask                              0x08002253   Thumb Code    20  tasks.o(.text)
    prvTaskCheckFreeStackSpace               0x080022f5   Thumb Code    22  tasks.o(.text)
    prvListTaskWithinSingleList              0x0800230b   Thumb Code   176  tasks.o(.text)
    .text                                    0x080028ec   Section        0  timers.o(.text)
    prvInsertTimerInActiveList               0x080028ed   Thumb Code    80  timers.o(.text)
    prvSwitchTimerLists                      0x080029a3   Thumb Code   136  timers.o(.text)
    prvSampleTimeNow                         0x08002a2b   Thumb Code    40  timers.o(.text)
    prvProcessReceivedCommands               0x08002a53   Thumb Code   216  timers.o(.text)
    prvProcessExpiredTimer                   0x08002b2b   Thumb Code    82  timers.o(.text)
    prvProcessTimerOrBlockTask               0x08002b7d   Thumb Code    70  timers.o(.text)
    prvGetNextExpireTime                     0x08002bc3   Thumb Code    36  timers.o(.text)
    prvTimerTask                             0x08002be7   Thumb Code    26  timers.o(.text)
    prvCheckForValidListAndQueue             0x08002c01   Thumb Code    86  timers.o(.text)
    .text                                    0x08002d40   Section        0  port.o(.text)
    prvTaskExitError                         0x08002d41   Thumb Code    32  port.o(.text)
    .text                                    0x08002f60   Section        0  heap_2.o(.text)
    prvHeapInit                              0x08002f61   Thumb Code    38  heap_2.o(.text)
    .text                                    0x08003084   Section        0  misc.o(.text)
    .text                                    0x08003164   Section        0  stm32f4xx_exti.o(.text)
    .text                                    0x08003274   Section        0  stm32f4xx_gpio.o(.text)
    .text                                    0x08003508   Section        0  stm32f4xx_rcc.o(.text)
    .text                                    0x08003b3c   Section        0  stm32f4xx_syscfg.o(.text)
    .text                                    0x08003bd0   Section        0  stm32f4xx_tim.o(.text)
    TI4_Config                               0x0800436f   Thumb Code    80  stm32f4xx_tim.o(.text)
    TI3_Config                               0x080043d1   Thumb Code    72  stm32f4xx_tim.o(.text)
    TI2_Config                               0x08004433   Thumb Code    90  stm32f4xx_tim.o(.text)
    TI1_Config                               0x0800449f   Thumb Code    58  stm32f4xx_tim.o(.text)
    .text                                    0x08004874   Section        0  stm32f4xx_usart.o(.text)
    .text                                    0x08004cc8   Section      138  rt_memcpy_v6.o(.text)
    .text                                    0x08004d52   Section       16  aeabi_memset.o(.text)
    .text                                    0x08004d62   Section        0  heapauxi.o(.text)
    .text                                    0x08004d68   Section      100  rt_memcpy_w.o(.text)
    .text                                    0x08004dcc   Section       68  rt_memclr.o(.text)
    .text                                    0x08004e10   Section       78  rt_memclr_w.o(.text)
    .text                                    0x08004e5e   Section       74  sys_stackheap_outer.o(.text)
    .text                                    0x08004ea8   Section        0  exit.o(.text)
    .text                                    0x08004ebc   Section        8  libspace.o(.text)
    .text                                    0x08004ec4   Section        0  sys_exit.o(.text)
    .text                                    0x08004ed0   Section        2  use_no_semi.o(.text)
    .text                                    0x08004ed2   Section        0  indicate_semi.o(.text)
    x$fpl$fpinit                             0x08004ed2   Section       10  fpinit.o(x$fpl$fpinit)
    $v0                                      0x08004ed2   Number         0  fpinit.o(x$fpl$fpinit)
    .constdata                               0x08004edc   Section       64  discoveryf4utils.o(.constdata)
    .data                                    0x20000000   Section       20  system_stm32f4xx.o(.data)
    .data                                    0x20000014   Section       48  main.o(.data)
    .data                                    0x20000044   Section       36  discoveryf4utils.o(.data)
    .data                                    0x20000068   Section       56  tasks.o(.data)
    pxDelayedTaskList                        0x2000006c   Data           4  tasks.o(.data)
    pxOverflowDelayedTaskList                0x20000070   Data           4  tasks.o(.data)
    uxTasksDeleted                           0x20000074   Data           4  tasks.o(.data)
    uxCurrentNumberOfTasks                   0x20000078   Data           4  tasks.o(.data)
    xTickCount                               0x2000007c   Data           4  tasks.o(.data)
    uxTopReadyPriority                       0x20000080   Data           4  tasks.o(.data)
    xSchedulerRunning                        0x20000084   Data           4  tasks.o(.data)
    uxPendedTicks                            0x20000088   Data           4  tasks.o(.data)
    xYieldPending                            0x2000008c   Data           4  tasks.o(.data)
    xNumOfOverflows                          0x20000090   Data           4  tasks.o(.data)
    uxTaskNumber                             0x20000094   Data           4  tasks.o(.data)
    xNextTaskUnblockTime                     0x20000098   Data           4  tasks.o(.data)
    uxSchedulerSuspended                     0x2000009c   Data           4  tasks.o(.data)
    .data                                    0x200000a0   Section       16  timers.o(.data)
    pxCurrentTimerList                       0x200000a0   Data           4  timers.o(.data)
    pxOverflowTimerList                      0x200000a4   Data           4  timers.o(.data)
    xTimerQueue                              0x200000a8   Data           4  timers.o(.data)
    xLastTime                                0x200000ac   Data           4  timers.o(.data)
    .data                                    0x200000b0   Section       12  port.o(.data)
    uxCriticalNesting                        0x200000b0   Data           4  port.o(.data)
    ucMaxSysCallPriority                     0x200000b4   Data           1  port.o(.data)
    ulMaxPRIGROUPValue                       0x200000b8   Data           4  port.o(.data)
    .data                                    0x200000bc   Section       24  heap_2.o(.data)
    xStart                                   0x200000bc   Data           8  heap_2.o(.data)
    xEnd                                     0x200000c4   Data           8  heap_2.o(.data)
    xFreeBytesRemaining                      0x200000cc   Data           4  heap_2.o(.data)
    xHeapHasBeenInitialised                  0x200000d0   Data           4  heap_2.o(.data)
    .data                                    0x200000d4   Section       16  stm32f4xx_rcc.o(.data)
    APBAHBPrescTable                         0x200000d4   Data          16  stm32f4xx_rcc.o(.data)
    .bss                                     0x200000e4   Section       12  main.o(.bss)
    .bss                                     0x200000f0   Section       64  queue.o(.bss)
    .bss                                     0x20000130   Section      200  tasks.o(.bss)
    pxReadyTasksLists                        0x20000130   Data         100  tasks.o(.bss)
    xDelayedTaskList1                        0x20000194   Data          20  tasks.o(.bss)
    xDelayedTaskList2                        0x200001a8   Data          20  tasks.o(.bss)
    xPendingReadyList                        0x200001bc   Data          20  tasks.o(.bss)
    xTasksWaitingTermination                 0x200001d0   Data          20  tasks.o(.bss)
    xSuspendedTaskList                       0x200001e4   Data          20  tasks.o(.bss)
    .bss                                     0x200001f8   Section       40  timers.o(.bss)
    xActiveTimerList1                        0x200001f8   Data          20  timers.o(.bss)
    xActiveTimerList2                        0x2000020c   Data          20  timers.o(.bss)
    .bss                                     0x20000220   Section    76800  heap_2.o(.bss)
    ucHeap                                   0x20000220   Data       76800  heap_2.o(.bss)
    .bss                                     0x20012e20   Section       96  libspace.o(.bss)
    HEAP                                     0x20012e80   Section      512  startup_stm32f4xx.o(HEAP)
    Heap_Mem                                 0x20012e80   Data         512  startup_stm32f4xx.o(HEAP)
    STACK                                    0x20013080   Section     1024  startup_stm32f4xx.o(STACK)
    Stack_Mem                                0x20013080   Data        1024  startup_stm32f4xx.o(STACK)
    __initial_sp                             0x20013480   Data           0  startup_stm32f4xx.o(STACK)

    Global Symbols

    Symbol Name                              Value     Ov Type        Size  Object(Section)

    BuildAttributes$$THM_ISAv4$E$P$D$K$B$S$7EM$VFPi3$EXTD16$VFPS$VFMA$PE$A:L22UL41UL21$X:L11$S22US41US21$IEEE1$IW$USESV6$~STKCKD$USESV7$~SHL$OSPACE$ROPI$EBA8$UX$STANDARDLIB$REQ8$PRES8$EABIv2 0x00000000   Number         0  anon$$obj.o ABSOLUTE
    __ARM_use_no_argv                        0x00000000   Number         0  main.o ABSOLUTE
    __ARM_exceptions_init                     - Undefined Weak Reference
    __alloca_initialize                       - Undefined Weak Reference
    __arm_preinit_                            - Undefined Weak Reference
    __cpp_initialize__aeabi_                  - Undefined Weak Reference
    __cxa_finalize                            - Undefined Weak Reference
    __rt_locale                               - Undefined Weak Reference
    __sigvec_lookup                           - Undefined Weak Reference
    _atexit_init                              - Undefined Weak Reference
    _call_atexit_fns                          - Undefined Weak Reference
    _clock_init                               - Undefined Weak Reference
    _fp_trap_init                             - Undefined Weak Reference
    _fp_trap_shutdown                         - Undefined Weak Reference
    _get_lc_collate                           - Undefined Weak Reference
    _get_lc_ctype                             - Undefined Weak Reference
    _get_lc_monetary                          - Undefined Weak Reference
    _get_lc_numeric                           - Undefined Weak Reference
    _get_lc_time                              - Undefined Weak Reference
    _getenv_init                              - Undefined Weak Reference
    _handle_redirection                       - Undefined Weak Reference
    _init_alloc                               - Undefined Weak Reference
    _init_user_alloc                          - Undefined Weak Reference
    _initio                                   - Undefined Weak Reference
    _rand_init                                - Undefined Weak Reference
    _signal_finish                            - Undefined Weak Reference
    _signal_init                              - Undefined Weak Reference
    _terminate_alloc                          - Undefined Weak Reference
    _terminate_user_alloc                     - Undefined Weak Reference
    _terminateio                              - Undefined Weak Reference
    __Vectors_Size                           0x00000188   Number         0  startup_stm32f4xx.o ABSOLUTE
    __Vectors                                0x08000000   Data           4  startup_stm32f4xx.o(RESET)
    __Vectors_End                            0x08000188   Data           0  startup_stm32f4xx.o(RESET)
    __main                                   0x08000189   Thumb Code     8  __main.o(!!!main)
    __scatterload                            0x08000191   Thumb Code     0  __scatter.o(!!!scatter)
    __scatterload_rt2                        0x08000191   Thumb Code    44  __scatter.o(!!!scatter)
    __scatterload_rt2_thumb_only             0x08000191   Thumb Code     0  __scatter.o(!!!scatter)
    __scatterload_null                       0x0800019f   Thumb Code     0  __scatter.o(!!!scatter)
    __scatterload_copy                       0x080001c5   Thumb Code    26  __scatter_copy.o(!!handler_copy)
    __scatterload_zeroinit                   0x080001e1   Thumb Code    28  __scatter_zi.o(!!handler_zi)
    __rt_lib_init                            0x080001fd   Thumb Code     0  libinit.o(.ARM.Collect$$libinit$$00000000)
    __rt_lib_init_fp_1                       0x080001ff   Thumb Code     0  libinit2.o(.ARM.Collect$$libinit$$00000001)
    __rt_lib_init_alloca_1                   0x08000203   Thumb Code     0  libinit2.o(.ARM.Collect$$libinit$$0000002E)
    __rt_lib_init_argv_1                     0x08000203   Thumb Code     0  libinit2.o(.ARM.Collect$$libinit$$0000002C)
    __rt_lib_init_atexit_1                   0x08000203   Thumb Code     0  libinit2.o(.ARM.Collect$$libinit$$0000001B)
    __rt_lib_init_clock_1                    0x08000203   Thumb Code     0  libinit2.o(.ARM.Collect$$libinit$$00000021)
    __rt_lib_init_cpp_1                      0x08000203   Thumb Code     0  libinit2.o(.ARM.Collect$$libinit$$00000032)
    __rt_lib_init_exceptions_1               0x08000203   Thumb Code     0  libinit2.o(.ARM.Collect$$libinit$$00000030)
    __rt_lib_init_fp_trap_1                  0x08000203   Thumb Code     0  libinit2.o(.ARM.Collect$$libinit$$0000001F)
    __rt_lib_init_getenv_1                   0x08000203   Thumb Code     0  libinit2.o(.ARM.Collect$$libinit$$00000023)
    __rt_lib_init_heap_1                     0x08000203   Thumb Code     0  libinit2.o(.ARM.Collect$$libinit$$0000000A)
    __rt_lib_init_lc_collate_1               0x08000203   Thumb Code     0  libinit2.o(.ARM.Collect$$libinit$$00000011)
    __rt_lib_init_lc_ctype_1                 0x08000203   Thumb Code     0  libinit2.o(.ARM.Collect$$libinit$$00000013)
    __rt_lib_init_lc_monetary_1              0x08000203   Thumb Code     0  libinit2.o(.ARM.Collect$$libinit$$00000015)
    __rt_lib_init_lc_numeric_1               0x08000203   Thumb Code     0  libinit2.o(.ARM.Collect$$libinit$$00000017)
    __rt_lib_init_lc_time_1                  0x08000203   Thumb Code     0  libinit2.o(.ARM.Collect$$libinit$$00000019)
    __rt_lib_init_preinit_1                  0x08000203   Thumb Code     0  libinit2.o(.ARM.Collect$$libinit$$00000004)
    __rt_lib_init_rand_1                     0x08000203   Thumb Code     0  libinit2.o(.ARM.Collect$$libinit$$0000000E)
    __rt_lib_init_return                     0x08000203   Thumb Code     0  libinit2.o(.ARM.Collect$$libinit$$00000033)
    __rt_lib_init_signal_1                   0x08000203   Thumb Code     0  libinit2.o(.ARM.Collect$$libinit$$0000001D)
    __rt_lib_init_stdio_1                    0x08000203   Thumb Code     0  libinit2.o(.ARM.Collect$$libinit$$00000025)
    __rt_lib_init_user_alloc_1               0x08000203   Thumb Code     0  libinit2.o(.ARM.Collect$$libinit$$0000000C)
    __rt_lib_shutdown                        0x08000205   Thumb Code     0  libshutdown.o(.ARM.Collect$$libshutdown$$00000000)
    __rt_lib_shutdown_cpp_1                  0x08000207   Thumb Code     0  libshutdown2.o(.ARM.Collect$$libshutdown$$00000002)
    __rt_lib_shutdown_fp_trap_1              0x08000207   Thumb Code     0  libshutdown2.o(.ARM.Collect$$libshutdown$$00000007)
    __rt_lib_shutdown_heap_1                 0x08000207   Thumb Code     0  libshutdown2.o(.ARM.Collect$$libshutdown$$0000000F)
    __rt_lib_shutdown_return                 0x08000207   Thumb Code     0  libshutdown2.o(.ARM.Collect$$libshutdown$$00000010)
    __rt_lib_shutdown_signal_1               0x08000207   Thumb Code     0  libshutdown2.o(.ARM.Collect$$libshutdown$$0000000A)
    __rt_lib_shutdown_stdio_1                0x08000207   Thumb Code     0  libshutdown2.o(.ARM.Collect$$libshutdown$$00000004)
    __rt_lib_shutdown_user_alloc_1           0x08000207   Thumb Code     0  libshutdown2.o(.ARM.Collect$$libshutdown$$0000000C)
    __rt_entry                               0x08000209   Thumb Code     0  __rtentry.o(.ARM.Collect$$rtentry$$00000000)
    __rt_entry_presh_1                       0x08000209   Thumb Code     0  __rtentry2.o(.ARM.Collect$$rtentry$$00000002)
    __rt_entry_sh                            0x08000209   Thumb Code     0  __rtentry4.o(.ARM.Collect$$rtentry$$00000004)
    __rt_entry_li                            0x0800020f   Thumb Code     0  __rtentry2.o(.ARM.Collect$$rtentry$$0000000A)
    __rt_entry_postsh_1                      0x0800020f   Thumb Code     0  __rtentry2.o(.ARM.Collect$$rtentry$$00000009)
    __rt_entry_main                          0x08000213   Thumb Code     0  __rtentry2.o(.ARM.Collect$$rtentry$$0000000D)
    __rt_entry_postli_1                      0x08000213   Thumb Code     0  __rtentry2.o(.ARM.Collect$$rtentry$$0000000C)
    __rt_exit                                0x0800021b   Thumb Code     0  rtexit.o(.ARM.Collect$$rtexit$$00000000)
    __rt_exit_ls                             0x0800021d   Thumb Code     0  rtexit2.o(.ARM.Collect$$rtexit$$00000003)
    __rt_exit_prels_1                        0x0800021d   Thumb Code     0  rtexit2.o(.ARM.Collect$$rtexit$$00000002)
    __rt_exit_exit                           0x08000221   Thumb Code     0  rtexit2.o(.ARM.Collect$$rtexit$$00000004)
    SVC_Handler                              0x08000229   Thumb Code    28  port.o(.emb_text)
    __asm___6_port_c_39a90d8d__prvStartFirstTask 0x08000249   Thumb Code    28  port.o(.emb_text)
    __asm___6_port_c_39a90d8d__prvEnableVFP  0x08000269   Thumb Code    16  port.o(.emb_text)
    PendSV_Handler                           0x0800027d   Thumb Code    84  port.o(.emb_text)
    ulPortSetInterruptMask                   0x080002d5   Thumb Code    14  port.o(.emb_text)
    vPortClearInterruptMask                  0x080002e3   Thumb Code     6  port.o(.emb_text)
    vPortGetIPSR                             0x080002e9   Thumb Code     6  port.o(.emb_text)
    Reset_Handler                            0x080002f1   Thumb Code     8  startup_stm32f4xx.o(.text)
    ADC_IRQHandler                           0x0800030b   Thumb Code     0  startup_stm32f4xx.o(.text)
    CAN1_RX0_IRQHandler                      0x0800030b   Thumb Code     0  startup_stm32f4xx.o(.text)
    CAN1_RX1_IRQHandler                      0x0800030b   Thumb Code     0  startup_stm32f4xx.o(.text)
    CAN1_SCE_IRQHandler                      0x0800030b   Thumb Code     0  startup_stm32f4xx.o(.text)
    CAN1_TX_IRQHandler                       0x0800030b   Thumb Code     0  startup_stm32f4xx.o(.text)
    CAN2_RX0_IRQHandler                      0x0800030b   Thumb Code     0  startup_stm32f4xx.o(.text)
    CAN2_RX1_IRQHandler                      0x0800030b   Thumb Code     0  startup_stm32f4xx.o(.text)
    CAN2_SCE_IRQHandler                      0x0800030b   Thumb Code     0  startup_stm32f4xx.o(.text)
    CAN2_TX_IRQHandler                       0x0800030b   Thumb Code     0  startup_stm32f4xx.o(.text)
    CRYP_IRQHandler                          0x0800030b   Thumb Code     0  startup_stm32f4xx.o(.text)
    DCMI_IRQHandler                          0x0800030b   Thumb Code     0  startup_stm32f4xx.o(.text)
    DMA1_Stream0_IRQHandler                  0x0800030b   Thumb Code     0  startup_stm32f4xx.o(.text)
    DMA1_Stream1_IRQHandler                  0x0800030b   Thumb Code     0  startup_stm32f4xx.o(.text)
    DMA1_Stream2_IRQHandler                  0x0800030b   Thumb Code     0  startup_stm32f4xx.o(.text)
    DMA1_Stream3_IRQHandler                  0x0800030b   Thumb Code     0  startup_stm32f4xx.o(.text)
    DMA1_Stream4_IRQHandler                  0x0800030b   Thumb Code     0  startup_stm32f4xx.o(.text)
    DMA1_Stream5_IRQHandler                  0x0800030b   Thumb Code     0  startup_stm32f4xx.o(.text)
    DMA1_Stream6_IRQHandler                  0x0800030b   Thumb Code     0  startup_stm32f4xx.o(.text)
    DMA1_Stream7_IRQHandler                  0x0800030b   Thumb Code     0  startup_stm32f4xx.o(.text)
    DMA2_Stream0_IRQHandler                  0x0800030b   Thumb Code     0  startup_stm32f4xx.o(.text)
    DMA2_Stream1_IRQHandler                  0x0800030b   Thumb Code     0  startup_stm32f4xx.o(.text)
    DMA2_Stream2_IRQHandler                  0x0800030b   Thumb Code     0  startup_stm32f4xx.o(.text)
    DMA2_Stream3_IRQHandler                  0x0800030b   Thumb Code     0  startup_stm32f4xx.o(.text)
    DMA2_Stream4_IRQHandler                  0x0800030b   Thumb Code     0  startup_stm32f4xx.o(.text)
    DMA2_Stream5_IRQHandler                  0x0800030b   Thumb Code     0  startup_stm32f4xx.o(.text)
    DMA2_Stream6_IRQHandler                  0x0800030b   Thumb Code     0  startup_stm32f4xx.o(.text)
    DMA2_Stream7_IRQHandler                  0x0800030b   Thumb Code     0  startup_stm32f4xx.o(.text)
    ETH_IRQHandler                           0x0800030b   Thumb Code     0  startup_stm32f4xx.o(.text)
    ETH_WKUP_IRQHandler                      0x0800030b   Thumb Code     0  startup_stm32f4xx.o(.text)
    EXTI0_IRQHandler                         0x0800030b   Thumb Code     0  startup_stm32f4xx.o(.text)
    EXTI15_10_IRQHandler                     0x0800030b   Thumb Code     0  startup_stm32f4xx.o(.text)
    EXTI1_IRQHandler                         0x0800030b   Thumb Code     0  startup_stm32f4xx.o(.text)
    EXTI2_IRQHandler                         0x0800030b   Thumb Code     0  startup_stm32f4xx.o(.text)
    EXTI3_IRQHandler                         0x0800030b   Thumb Code     0  startup_stm32f4xx.o(.text)
    EXTI4_IRQHandler                         0x0800030b   Thumb Code     0  startup_stm32f4xx.o(.text)
    EXTI9_5_IRQHandler                       0x0800030b   Thumb Code     0  startup_stm32f4xx.o(.text)
    FLASH_IRQHandler                         0x0800030b   Thumb Code     0  startup_stm32f4xx.o(.text)
    FPU_IRQHandler                           0x0800030b   Thumb Code     0  startup_stm32f4xx.o(.text)
    FSMC_IRQHandler                          0x0800030b   Thumb Code     0  startup_stm32f4xx.o(.text)
    HASH_RNG_IRQHandler                      0x0800030b   Thumb Code     0  startup_stm32f4xx.o(.text)
    I2C1_ER_IRQHandler                       0x0800030b   Thumb Code     0  startup_stm32f4xx.o(.text)
    I2C1_EV_IRQHandler                       0x0800030b   Thumb Code     0  startup_stm32f4xx.o(.text)
    I2C2_ER_IRQHandler                       0x0800030b   Thumb Code     0  startup_stm32f4xx.o(.text)
    I2C2_EV_IRQHandler                       0x0800030b   Thumb Code     0  startup_stm32f4xx.o(.text)
    I2C3_ER_IRQHandler                       0x0800030b   Thumb Code     0  startup_stm32f4xx.o(.text)
    I2C3_EV_IRQHandler                       0x0800030b   Thumb Code     0  startup_stm32f4xx.o(.text)
    OTG_FS_IRQHandler                        0x0800030b   Thumb Code     0  startup_stm32f4xx.o(.text)
    OTG_FS_WKUP_IRQHandler                   0x0800030b   Thumb Code     0  startup_stm32f4xx.o(.text)
    OTG_HS_EP1_IN_IRQHandler                 0x0800030b   Thumb Code     0  startup_stm32f4xx.o(.text)
    OTG_HS_EP1_OUT_IRQHandler                0x0800030b   Thumb Code     0  startup_stm32f4xx.o(.text)
    OTG_HS_IRQHandler                        0x0800030b   Thumb Code     0  startup_stm32f4xx.o(.text)
    OTG_HS_WKUP_IRQHandler                   0x0800030b   Thumb Code     0  startup_stm32f4xx.o(.text)
    PVD_IRQHandler                           0x0800030b   Thumb Code     0  startup_stm32f4xx.o(.text)
    RCC_IRQHandler                           0x0800030b   Thumb Code     0  startup_stm32f4xx.o(.text)
    RTC_Alarm_IRQHandler                     0x0800030b   Thumb Code     0  startup_stm32f4xx.o(.text)
    RTC_WKUP_IRQHandler                      0x0800030b   Thumb Code     0  startup_stm32f4xx.o(.text)
    SDIO_IRQHandler                          0x0800030b   Thumb Code     0  startup_stm32f4xx.o(.text)
    SPI1_IRQHandler                          0x0800030b   Thumb Code     0  startup_stm32f4xx.o(.text)
    SPI2_IRQHandler                          0x0800030b   Thumb Code     0  startup_stm32f4xx.o(.text)
    SPI3_IRQHandler                          0x0800030b   Thumb Code     0  startup_stm32f4xx.o(.text)
    TAMP_STAMP_IRQHandler                    0x0800030b   Thumb Code     0  startup_stm32f4xx.o(.text)
    TIM1_BRK_TIM9_IRQHandler                 0x0800030b   Thumb Code     0  startup_stm32f4xx.o(.text)
    TIM1_CC_IRQHandler                       0x0800030b   Thumb Code     0  startup_stm32f4xx.o(.text)
    TIM1_TRG_COM_TIM11_IRQHandler            0x0800030b   Thumb Code     0  startup_stm32f4xx.o(.text)
    TIM1_UP_TIM10_IRQHandler                 0x0800030b   Thumb Code     0  startup_stm32f4xx.o(.text)
    TIM3_IRQHandler                          0x0800030b   Thumb Code     0  startup_stm32f4xx.o(.text)
    TIM4_IRQHandler                          0x0800030b   Thumb Code     0  startup_stm32f4xx.o(.text)
    TIM5_IRQHandler                          0x0800030b   Thumb Code     0  startup_stm32f4xx.o(.text)
    TIM6_DAC_IRQHandler                      0x0800030b   Thumb Code     0  startup_stm32f4xx.o(.text)
    TIM7_IRQHandler                          0x0800030b   Thumb Code     0  startup_stm32f4xx.o(.text)
    TIM8_BRK_TIM12_IRQHandler                0x0800030b   Thumb Code     0  startup_stm32f4xx.o(.text)
    TIM8_CC_IRQHandler                       0x0800030b   Thumb Code     0  startup_stm32f4xx.o(.text)
    TIM8_TRG_COM_TIM14_IRQHandler            0x0800030b   Thumb Code     0  startup_stm32f4xx.o(.text)
    TIM8_UP_TIM13_IRQHandler                 0x0800030b   Thumb Code     0  startup_stm32f4xx.o(.text)
    UART4_IRQHandler                         0x0800030b   Thumb Code     0  startup_stm32f4xx.o(.text)
    UART5_IRQHandler                         0x0800030b   Thumb Code     0  startup_stm32f4xx.o(.text)
    USART1_IRQHandler                        0x0800030b   Thumb Code     0  startup_stm32f4xx.o(.text)
    USART2_IRQHandler                        0x0800030b   Thumb Code     0  startup_stm32f4xx.o(.text)
    USART3_IRQHandler                        0x0800030b   Thumb Code     0  startup_stm32f4xx.o(.text)
    USART6_IRQHandler                        0x0800030b   Thumb Code     0  startup_stm32f4xx.o(.text)
    WWDG_IRQHandler                          0x0800030b   Thumb Code     0  startup_stm32f4xx.o(.text)
    __user_initial_stackheap                 0x0800030d   Thumb Code     0  startup_stm32f4xx.o(.text)
    SystemInit                               0x0800040d   Thumb Code    88  system_stm32f4xx.o(.text)
    SystemCoreClockUpdate                    0x08000465   Thumb Code   174  system_stm32f4xx.o(.text)
    nextCoffeeType                           0x08000541   Thumb Code    46  main.o(.text)
    singlePressButtonEvent                   0x0800056f   Thumb Code    18  main.o(.text)
    vWaitIfSinglePressed                     0x08000581   Thumb Code    30  main.o(.text)
    unpressButtonEvent                       0x0800059f   Thumb Code     2  main.o(.text)
    longPressButtonEvent                     0x080005a1   Thumb Code     2  main.o(.text)
    vWaitIfLongPressed                       0x080005a3   Thumb Code    54  main.o(.text)
    vDPDisableSinglePress                    0x080005d9   Thumb Code    30  main.o(.text)
    vServeMocha                              0x080005f7   Thumb Code    76  main.o(.text)
    vServeLatte                              0x08000643   Thumb Code    76  main.o(.text)
    vServeEspresso                           0x0800068f   Thumb Code    60  main.o(.text)
    doublePressButtonEvent                   0x080006cb   Thumb Code   108  main.o(.text)
    pressButtonEvent                         0x08000737   Thumb Code     2  main.o(.text)
    vButtonEventGenerator                    0x08000739   Thumb Code   184  main.o(.text)
    vShowCoffeeSelected                      0x080007f1   Thumb Code    82  main.o(.text)
    initDebounceTimer                        0x08000843   Thumb Code    66  main.o(.text)
    vButtonListener                          0x08000885   Thumb Code    36  main.o(.text)
    vIdle                                    0x080008a9   Thumb Code     4  main.o(.text)
    SetupPWM                                 0x080008ad   Thumb Code    78  main.o(.text)
    InitPWMTimer4                            0x080008fb   Thumb Code   278  main.o(.text)
    InitServos                               0x08000a11   Thumb Code    68  main.o(.text)
    setSysTick                               0x08000a55   Thumb Code    90  main.o(.text)
    enableDebounceInterrupt                  0x08000aaf   Thumb Code    32  main.o(.text)
    main                                     0x08000acf   Thumb Code   168  main.o(.text)
    TIM2_IRQHandler                          0x08000b77   Thumb Code   130  main.o(.text)
    STM_EVAL_LEDInit                         0x08000c7d   Thumb Code    62  discoveryf4utils.o(.text)
    STM_EVAL_LEDOn                           0x08000cbb   Thumb Code    16  discoveryf4utils.o(.text)
    STM_EVAL_LEDOff                          0x08000ccb   Thumb Code    16  discoveryf4utils.o(.text)
    STM_EVAL_LEDToggle                       0x08000cdb   Thumb Code    26  discoveryf4utils.o(.text)
    STM_EVAL_PBInit                          0x08000cf5   Thumb Code   140  discoveryf4utils.o(.text)
    STM_EVAL_PBGetState                      0x08000d81   Thumb Code    22  discoveryf4utils.o(.text)
    STM_EVAL_COMInit                         0x08000d97   Thumb Code   182  discoveryf4utils.o(.text)
    NMI_Handler                              0x08000ea5   Thumb Code     2  stm32f4xx_it.o(.text)
    HardFault_Handler                        0x08000ea7   Thumb Code     4  stm32f4xx_it.o(.text)
    MemManage_Handler                        0x08000eab   Thumb Code     4  stm32f4xx_it.o(.text)
    BusFault_Handler                         0x08000eaf   Thumb Code     4  stm32f4xx_it.o(.text)
    UsageFault_Handler                       0x08000eb3   Thumb Code     4  stm32f4xx_it.o(.text)
    DebugMon_Handler                         0x08000eb7   Thumb Code     2  stm32f4xx_it.o(.text)
    vListInitialise                          0x08000eb9   Thumb Code    26  list.o(.text)
    vListInitialiseItem                      0x08000ed3   Thumb Code     6  list.o(.text)
    vListInsertEnd                           0x08000ed9   Thumb Code    24  list.o(.text)
    vListInsert                              0x08000ef1   Thumb Code    52  list.o(.text)
    uxListRemove                             0x08000f25   Thumb Code    40  list.o(.text)
    xQueueGenericReset                       0x08000f4d   Thumb Code   120  queue.o(.text)
    xQueueGenericCreate                      0x08000fc5   Thumb Code    92  queue.o(.text)
    xQueueGenericSend                        0x0800113d   Thumb Code   322  queue.o(.text)
    xQueueCreateMutex                        0x0800127f   Thumb Code    86  queue.o(.text)
    xQueueGiveMutexRecursive                 0x080012d5   Thumb Code    58  queue.o(.text)
    xQueueGenericReceive                     0x08001353   Thumb Code   346  queue.o(.text)
    xQueueTakeMutexRecursive                 0x080014ad   Thumb Code    70  queue.o(.text)
    xQueueCreateCountingSemaphore            0x080014f3   Thumb Code    74  queue.o(.text)
    xQueueGenericSendFromISR                 0x0800153d   Thumb Code   180  queue.o(.text)
    xQueueReceiveFromISR                     0x080015f1   Thumb Code   136  queue.o(.text)
    xQueuePeekFromISR                        0x08001679   Thumb Code    90  queue.o(.text)
    uxQueueMessagesWaiting                   0x080016d3   Thumb Code    28  queue.o(.text)
    uxQueueSpacesAvailable                   0x080016ef   Thumb Code    34  queue.o(.text)
    uxQueueMessagesWaitingFromISR            0x08001711   Thumb Code    20  queue.o(.text)
    vQueueUnregisterQueue                    0x08001725   Thumb Code    38  queue.o(.text)
    vQueueDelete                             0x0800174b   Thumb Code    40  queue.o(.text)
    uxQueueGetQueueNumber                    0x08001773   Thumb Code     6  queue.o(.text)
    vQueueSetQueueNumber                     0x08001779   Thumb Code     4  queue.o(.text)
    ucQueueGetQueueType                      0x0800177d   Thumb Code     8  queue.o(.text)
    xQueueIsQueueEmptyFromISR                0x08001785   Thumb Code    28  queue.o(.text)
    xQueueIsQueueFullFromISR                 0x080017a1   Thumb Code    32  queue.o(.text)
    vQueueAddToRegistry                      0x080017c1   Thumb Code    38  queue.o(.text)
    vQueueWaitForMessageRestricted           0x080017e7   Thumb Code    58  queue.o(.text)
    xTaskGenericCreate                       0x080018ff   Thumb Code   288  tasks.o(.text)
    vTaskDelete                              0x08001a49   Thumb Code   160  tasks.o(.text)
    xTaskIncrementTick                       0x08001ae9   Thumb Code   272  tasks.o(.text)
    xTaskResumeAll                           0x08001bf9   Thumb Code   282  tasks.o(.text)
    vTaskSuspendAll                          0x08001d51   Thumb Code    12  tasks.o(.text)
    vTaskDelayUntil                          0x08001d5d   Thumb Code   176  tasks.o(.text)
    vTaskDelay                               0x08001e0d   Thumb Code    94  tasks.o(.text)
    uxTaskPriorityGet                        0x08001e6b   Thumb Code    30  tasks.o(.text)
    vTaskPrioritySet                         0x08001e89   Thumb Code   234  tasks.o(.text)
    vTaskSwitchContext                       0x08001f73   Thumb Code   106  tasks.o(.text)
    vTaskSuspend                             0x08001fdd   Thumb Code   228  tasks.o(.text)
    vTaskResume                              0x08002105   Thumb Code   104  tasks.o(.text)
    xTaskResumeFromISR                       0x0800216d   Thumb Code   126  tasks.o(.text)
    vTaskStartScheduler                      0x08002267   Thumb Code    74  tasks.o(.text)
    vTaskEndScheduler                        0x080022b1   Thumb Code    18  tasks.o(.text)
    xTaskGetTickCount                        0x080022c3   Thumb Code    18  tasks.o(.text)
    xTaskGetTickCountFromISR                 0x080022d5   Thumb Code    26  tasks.o(.text)
    uxTaskGetNumberOfTasks                   0x080022ef   Thumb Code     6  tasks.o(.text)
    uxTaskGetSystemState                     0x080023bb   Thumb Code   132  tasks.o(.text)
    vTaskPlaceOnEventList                    0x0800243f   Thumb Code   162  tasks.o(.text)
    vTaskPlaceOnUnorderedEventList           0x080024e1   Thumb Code   132  tasks.o(.text)
    vTaskPlaceOnEventListRestricted          0x08002565   Thumb Code    76  tasks.o(.text)
    xTaskRemoveFromEventList                 0x080025b1   Thumb Code   114  tasks.o(.text)
    xTaskRemoveFromUnorderedEventList        0x08002623   Thumb Code   126  tasks.o(.text)
    vTaskSetTimeOutState                     0x080026a1   Thumb Code    28  tasks.o(.text)
    xTaskCheckForTimeOut                     0x080026bd   Thumb Code   108  tasks.o(.text)
    vTaskMissedYield                         0x08002729   Thumb Code     8  tasks.o(.text)
    uxTaskGetTaskNumber                      0x08002731   Thumb Code    14  tasks.o(.text)
    vTaskSetTaskNumber                       0x0800273f   Thumb Code     8  tasks.o(.text)
    xTaskGetCurrentTaskHandle                0x08002747   Thumb Code     6  tasks.o(.text)
    xTaskGetSchedulerState                   0x0800274d   Thumb Code    24  tasks.o(.text)
    vTaskPriorityInherit                     0x08002765   Thumb Code   164  tasks.o(.text)
    xTaskPriorityDisinherit                  0x08002809   Thumb Code   136  tasks.o(.text)
    uxTaskResetEventItemValue                0x08002891   Thumb Code    24  tasks.o(.text)
    pvTaskIncrementMutexHeldCount            0x080028a9   Thumb Code    68  tasks.o(.text)
    xTimerGenericCommand                     0x0800293d   Thumb Code   102  timers.o(.text)
    xTimerCreateTimerTask                    0x08002c57   Thumb Code    58  timers.o(.text)
    xTimerCreate                             0x08002c91   Thumb Code    80  timers.o(.text)
    pcTimerGetTimerName                      0x08002ce1   Thumb Code     8  timers.o(.text)
    xTimerIsTimerActive                      0x08002ce9   Thumb Code    78  timers.o(.text)
    pvTimerGetTimerID                        0x08002d37   Thumb Code     8  timers.o(.text)
    pxPortInitialiseStack                    0x08002d61   Thumb Code    34  port.o(.text)
    vPortSetupTimerInterrupt                 0x08002d83   Thumb Code    26  port.o(.text)
    xPortStartScheduler                      0x08002d9d   Thumb Code   156  port.o(.text)
    vPortEndScheduler                        0x08002e39   Thumb Code    30  port.o(.text)
    vPortYield                               0x08002e57   Thumb Code    20  port.o(.text)
    vPortEnterCritical                       0x08002e6b   Thumb Code    62  port.o(.text)
    vPortExitCritical                        0x08002ea9   Thumb Code    40  port.o(.text)
    SysTick_Handler                          0x08002ed1   Thumb Code    30  port.o(.text)
    vPortValidateInterruptPriority           0x08002eef   Thumb Code    80  port.o(.text)
    pvPortMalloc                             0x08002f87   Thumb Code   164  heap_2.o(.text)
    vPortFree                                0x0800302b   Thumb Code    56  heap_2.o(.text)
    xPortGetFreeHeapSize                     0x08003063   Thumb Code     6  heap_2.o(.text)
    vPortInitialiseBlocks                    0x08003069   Thumb Code     2  heap_2.o(.text)
    NVIC_PriorityGroupConfig                 0x08003085   Thumb Code    10  misc.o(.text)
    NVIC_Init                                0x0800308f   Thumb Code   106  misc.o(.text)
    NVIC_SetVectorTable                      0x080030f9   Thumb Code    14  misc.o(.text)
    NVIC_SystemLPConfig                      0x08003107   Thumb Code    34  misc.o(.text)
    SysTick_CLKSourceConfig                  0x08003129   Thumb Code    40  misc.o(.text)
    EXTI_DeInit                              0x08003165   Thumb Code    28  stm32f4xx_exti.o(.text)
    EXTI_Init                                0x08003181   Thumb Code   142  stm32f4xx_exti.o(.text)
    EXTI_StructInit                          0x0800320f   Thumb Code    16  stm32f4xx_exti.o(.text)
    EXTI_GenerateSWInterrupt                 0x0800321f   Thumb Code    16  stm32f4xx_exti.o(.text)
    EXTI_GetFlagStatus                       0x0800322f   Thumb Code    22  stm32f4xx_exti.o(.text)
    EXTI_ClearFlag                           0x08003245   Thumb Code     8  stm32f4xx_exti.o(.text)
    EXTI_GetITStatus                         0x0800324d   Thumb Code    22  stm32f4xx_exti.o(.text)
    EXTI_ClearITPendingBit                   0x08003263   Thumb Code     8  stm32f4xx_exti.o(.text)
    GPIO_DeInit                              0x08003275   Thumb Code   268  stm32f4xx_gpio.o(.text)
    GPIO_Init                                0x08003381   Thumb Code   144  stm32f4xx_gpio.o(.text)
    GPIO_StructInit                          0x08003411   Thumb Code    18  stm32f4xx_gpio.o(.text)
    GPIO_PinLockConfig                       0x08003423   Thumb Code    34  stm32f4xx_gpio.o(.text)
    GPIO_ReadInputDataBit                    0x08003445   Thumb Code    18  stm32f4xx_gpio.o(.text)
    GPIO_ReadInputData                       0x08003457   Thumb Code     8  stm32f4xx_gpio.o(.text)
    GPIO_ReadOutputDataBit                   0x0800345f   Thumb Code    18  stm32f4xx_gpio.o(.text)
    GPIO_ReadOutputData                      0x08003471   Thumb Code     8  stm32f4xx_gpio.o(.text)
    GPIO_SetBits                             0x08003479   Thumb Code     4  stm32f4xx_gpio.o(.text)
    GPIO_ResetBits                           0x0800347d   Thumb Code     4  stm32f4xx_gpio.o(.text)
    GPIO_WriteBit                            0x08003481   Thumb Code    10  stm32f4xx_gpio.o(.text)
    GPIO_Write                               0x0800348b   Thumb Code     4  stm32f4xx_gpio.o(.text)
    GPIO_ToggleBits                          0x0800348f   Thumb Code     8  stm32f4xx_gpio.o(.text)
    GPIO_PinAFConfig                         0x08003497   Thumb Code    70  stm32f4xx_gpio.o(.text)
    RCC_DeInit                               0x08003509   Thumb Code    82  stm32f4xx_rcc.o(.text)
    RCC_HSEConfig                            0x0800355b   Thumb Code    14  stm32f4xx_rcc.o(.text)
    RCC_GetFlagStatus                        0x08003569   Thumb Code    60  stm32f4xx_rcc.o(.text)
    RCC_WaitForHSEStartUp                    0x080035a5   Thumb Code    56  stm32f4xx_rcc.o(.text)
    RCC_AdjustHSICalibrationValue            0x080035dd   Thumb Code    20  stm32f4xx_rcc.o(.text)
    RCC_HSICmd                               0x080035f1   Thumb Code     6  stm32f4xx_rcc.o(.text)
    RCC_LSEConfig                            0x080035f7   Thumb Code    46  stm32f4xx_rcc.o(.text)
    RCC_LSICmd                               0x08003625   Thumb Code     6  stm32f4xx_rcc.o(.text)
    RCC_PLLConfig                            0x0800362b   Thumb Code    32  stm32f4xx_rcc.o(.text)
    RCC_PLLCmd                               0x0800364b   Thumb Code     6  stm32f4xx_rcc.o(.text)
    RCC_PLLI2SConfig                         0x08003651   Thumb Code    14  stm32f4xx_rcc.o(.text)
    RCC_PLLI2SCmd                            0x0800365f   Thumb Code     6  stm32f4xx_rcc.o(.text)
    RCC_PLLSAIConfig                         0x08003665   Thumb Code    20  stm32f4xx_rcc.o(.text)
    RCC_PLLSAICmd                            0x08003679   Thumb Code     6  stm32f4xx_rcc.o(.text)
    RCC_ClockSecuritySystemCmd               0x0800367f   Thumb Code     6  stm32f4xx_rcc.o(.text)
    RCC_MCO1Config                           0x08003685   Thumb Code    28  stm32f4xx_rcc.o(.text)
    RCC_MCO2Config                           0x080036a1   Thumb Code    28  stm32f4xx_rcc.o(.text)
    RCC_SYSCLKConfig                         0x080036bd   Thumb Code    20  stm32f4xx_rcc.o(.text)
    RCC_GetSYSCLKSource                      0x080036d1   Thumb Code    12  stm32f4xx_rcc.o(.text)
    RCC_HCLKConfig                           0x080036dd   Thumb Code    20  stm32f4xx_rcc.o(.text)
    RCC_PCLK1Config                          0x080036f1   Thumb Code    20  stm32f4xx_rcc.o(.text)
    RCC_PCLK2Config                          0x08003705   Thumb Code    22  stm32f4xx_rcc.o(.text)
    RCC_GetClocksFreq                        0x0800371b   Thumb Code   222  stm32f4xx_rcc.o(.text)
    RCC_RTCCLKConfig                         0x080037f9   Thumb Code    54  stm32f4xx_rcc.o(.text)
    RCC_RTCCLKCmd                            0x0800382f   Thumb Code     8  stm32f4xx_rcc.o(.text)
    RCC_BackupResetCmd                       0x08003837   Thumb Code     8  stm32f4xx_rcc.o(.text)
    RCC_I2SCLKConfig                         0x0800383f   Thumb Code     6  stm32f4xx_rcc.o(.text)
    RCC_SAIPLLI2SClkDivConfig                0x08003845   Thumb Code    26  stm32f4xx_rcc.o(.text)
    RCC_SAIPLLSAIClkDivConfig                0x0800385f   Thumb Code    28  stm32f4xx_rcc.o(.text)
    RCC_SAIBlockACLKConfig                   0x0800387b   Thumb Code    20  stm32f4xx_rcc.o(.text)
    RCC_SAIBlockBCLKConfig                   0x0800388f   Thumb Code    20  stm32f4xx_rcc.o(.text)
    RCC_LTDCCLKDivConfig                     0x080038a3   Thumb Code    20  stm32f4xx_rcc.o(.text)
    RCC_TIMCLKPresConfig                     0x080038b7   Thumb Code     6  stm32f4xx_rcc.o(.text)
    RCC_AHB1PeriphClockCmd                   0x080038bd   Thumb Code    34  stm32f4xx_rcc.o(.text)
    RCC_AHB2PeriphClockCmd                   0x080038df   Thumb Code    78  stm32f4xx_rcc.o(.text)
    RCC_AHB3PeriphClockCmd                   0x0800392d   Thumb Code    34  stm32f4xx_rcc.o(.text)
    RCC_APB1PeriphClockCmd                   0x0800394f   Thumb Code    34  stm32f4xx_rcc.o(.text)
    RCC_APB2PeriphClockCmd                   0x08003971   Thumb Code    34  stm32f4xx_rcc.o(.text)
    RCC_AHB1PeriphResetCmd                   0x08003993   Thumb Code    34  stm32f4xx_rcc.o(.text)
    RCC_AHB2PeriphResetCmd                   0x080039b5   Thumb Code    34  stm32f4xx_rcc.o(.text)
    RCC_AHB3PeriphResetCmd                   0x080039d7   Thumb Code    34  stm32f4xx_rcc.o(.text)
    RCC_APB1PeriphResetCmd                   0x080039f9   Thumb Code    34  stm32f4xx_rcc.o(.text)
    RCC_APB2PeriphResetCmd                   0x08003a1b   Thumb Code    34  stm32f4xx_rcc.o(.text)
    RCC_AHB1PeriphClockLPModeCmd             0x08003a3d   Thumb Code    34  stm32f4xx_rcc.o(.text)
    RCC_AHB2PeriphClockLPModeCmd             0x08003a5f   Thumb Code    34  stm32f4xx_rcc.o(.text)
    RCC_AHB3PeriphClockLPModeCmd             0x08003a81   Thumb Code    34  stm32f4xx_rcc.o(.text)
    RCC_APB1PeriphClockLPModeCmd             0x08003aa3   Thumb Code    34  stm32f4xx_rcc.o(.text)
    RCC_APB2PeriphClockLPModeCmd             0x08003ac5   Thumb Code    34  stm32f4xx_rcc.o(.text)
    RCC_ITConfig                             0x08003ae7   Thumb Code    34  stm32f4xx_rcc.o(.text)
    RCC_ClearFlag                            0x08003b09   Thumb Code    18  stm32f4xx_rcc.o(.text)
    RCC_GetITStatus                          0x08003b1b   Thumb Code    22  stm32f4xx_rcc.o(.text)
    RCC_ClearITPendingBit                    0x08003b31   Thumb Code     8  stm32f4xx_rcc.o(.text)
    SYSCFG_DeInit                            0x08003b3d   Thumb Code    22  stm32f4xx_syscfg.o(.text)
    SYSCFG_MemoryRemapConfig                 0x08003b53   Thumb Code     6  stm32f4xx_syscfg.o(.text)
    SYSCFG_MemorySwappingBank                0x08003b59   Thumb Code     6  stm32f4xx_syscfg.o(.text)
    SYSCFG_EXTILineConfig                    0x08003b5f   Thumb Code    66  stm32f4xx_syscfg.o(.text)
    SYSCFG_ETH_MediaInterfaceConfig          0x08003ba1   Thumb Code     8  stm32f4xx_syscfg.o(.text)
    SYSCFG_CompensationCellCmd               0x08003ba9   Thumb Code     6  stm32f4xx_syscfg.o(.text)
    SYSCFG_GetCompensationCellStatus         0x08003baf   Thumb Code    22  stm32f4xx_syscfg.o(.text)
    TIM_DeInit                               0x08003bd1   Thumb Code   346  stm32f4xx_tim.o(.text)
    TIM_TimeBaseInit                         0x08003d2b   Thumb Code   104  stm32f4xx_tim.o(.text)
    TIM_TimeBaseStructInit                   0x08003d93   Thumb Code    18  stm32f4xx_tim.o(.text)
    TIM_PrescalerConfig                      0x08003da5   Thumb Code     6  stm32f4xx_tim.o(.text)
    TIM_CounterModeConfig                    0x08003dab   Thumb Code    18  stm32f4xx_tim.o(.text)
    TIM_SetCounter                           0x08003dbd   Thumb Code     4  stm32f4xx_tim.o(.text)
    TIM_SetAutoreload                        0x08003dc1   Thumb Code     4  stm32f4xx_tim.o(.text)
    TIM_GetCounter                           0x08003dc5   Thumb Code     6  stm32f4xx_tim.o(.text)
    TIM_GetPrescaler                         0x08003dcb   Thumb Code     6  stm32f4xx_tim.o(.text)
    TIM_UpdateDisableConfig                  0x08003dd1   Thumb Code    24  stm32f4xx_tim.o(.text)
    TIM_UpdateRequestConfig                  0x08003de9   Thumb Code    24  stm32f4xx_tim.o(.text)
    TIM_ARRPreloadConfig                     0x08003e01   Thumb Code    24  stm32f4xx_tim.o(.text)
    TIM_SelectOnePulseMode                   0x08003e19   Thumb Code    18  stm32f4xx_tim.o(.text)
    TIM_SetClockDivision                     0x08003e2b   Thumb Code    18  stm32f4xx_tim.o(.text)
    TIM_Cmd                                  0x08003e3d   Thumb Code    24  stm32f4xx_tim.o(.text)
    TIM_OC1Init                              0x08003e55   Thumb Code   114  stm32f4xx_tim.o(.text)
    TIM_OC2Init                              0x08003ec7   Thumb Code   154  stm32f4xx_tim.o(.text)
    TIM_OC3Init                              0x08003f61   Thumb Code   204  stm32f4xx_tim.o(.text)
    TIM_OC4Init                              0x0800402d   Thumb Code   112  stm32f4xx_tim.o(.text)
    TIM_OCStructInit                         0x0800409d   Thumb Code    20  stm32f4xx_tim.o(.text)
    TIM_SelectOCxM                           0x080040b1   Thumb Code    86  stm32f4xx_tim.o(.text)
    TIM_SetCompare1                          0x08004107   Thumb Code     4  stm32f4xx_tim.o(.text)
    TIM_SetCompare2                          0x0800410b   Thumb Code     4  stm32f4xx_tim.o(.text)
    TIM_SetCompare3                          0x0800410f   Thumb Code     4  stm32f4xx_tim.o(.text)
    TIM_SetCompare4                          0x08004113   Thumb Code     4  stm32f4xx_tim.o(.text)
    TIM_ForcedOC1Config                      0x08004117   Thumb Code    18  stm32f4xx_tim.o(.text)
    TIM_ForcedOC2Config                      0x08004129   Thumb Code    26  stm32f4xx_tim.o(.text)
    TIM_ForcedOC3Config                      0x08004143   Thumb Code    18  stm32f4xx_tim.o(.text)
    TIM_ForcedOC4Config                      0x08004155   Thumb Code    26  stm32f4xx_tim.o(.text)
    TIM_OC1PreloadConfig                     0x0800416f   Thumb Code    18  stm32f4xx_tim.o(.text)
    TIM_OC2PreloadConfig                     0x08004181   Thumb Code    26  stm32f4xx_tim.o(.text)
    TIM_OC3PreloadConfig                     0x0800419b   Thumb Code    18  stm32f4xx_tim.o(.text)
    TIM_OC4PreloadConfig                     0x080041ad   Thumb Code    26  stm32f4xx_tim.o(.text)
    TIM_OC1FastConfig                        0x080041c7   Thumb Code    18  stm32f4xx_tim.o(.text)
    TIM_OC2FastConfig                        0x080041d9   Thumb Code    26  stm32f4xx_tim.o(.text)
    TIM_OC3FastConfig                        0x080041f3   Thumb Code    18  stm32f4xx_tim.o(.text)
    TIM_OC4FastConfig                        0x08004205   Thumb Code    26  stm32f4xx_tim.o(.text)
    TIM_ClearOC1Ref                          0x0800421f   Thumb Code    18  stm32f4xx_tim.o(.text)
    TIM_ClearOC2Ref                          0x08004231   Thumb Code    24  stm32f4xx_tim.o(.text)
    TIM_ClearOC3Ref                          0x08004249   Thumb Code    18  stm32f4xx_tim.o(.text)
    TIM_ClearOC4Ref                          0x0800425b   Thumb Code    24  stm32f4xx_tim.o(.text)
    TIM_OC1PolarityConfig                    0x08004273   Thumb Code    18  stm32f4xx_tim.o(.text)
    TIM_OC1NPolarityConfig                   0x08004285   Thumb Code    18  stm32f4xx_tim.o(.text)
    TIM_OC2PolarityConfig                    0x08004297   Thumb Code    26  stm32f4xx_tim.o(.text)
    TIM_OC2NPolarityConfig                   0x080042b1   Thumb Code    26  stm32f4xx_tim.o(.text)
    TIM_OC3PolarityConfig                    0x080042cb   Thumb Code    26  stm32f4xx_tim.o(.text)
    TIM_OC3NPolarityConfig                   0x080042e5   Thumb Code    26  stm32f4xx_tim.o(.text)
    TIM_OC4PolarityConfig                    0x080042ff   Thumb Code    26  stm32f4xx_tim.o(.text)
    TIM_CCxCmd                               0x08004319   Thumb Code    30  stm32f4xx_tim.o(.text)
    TIM_CCxNCmd                              0x08004337   Thumb Code    30  stm32f4xx_tim.o(.text)
    TIM_SetIC4Prescaler                      0x08004355   Thumb Code    26  stm32f4xx_tim.o(.text)
    TIM_SetIC3Prescaler                      0x080043bf   Thumb Code    18  stm32f4xx_tim.o(.text)
    TIM_SetIC2Prescaler                      0x08004419   Thumb Code    26  stm32f4xx_tim.o(.text)
    TIM_SetIC1Prescaler                      0x0800448d   Thumb Code    18  stm32f4xx_tim.o(.text)
    TIM_ICInit                               0x080044d9   Thumb Code   110  stm32f4xx_tim.o(.text)
    TIM_ICStructInit                         0x08004547   Thumb Code    18  stm32f4xx_tim.o(.text)
    TIM_PWMIConfig                           0x08004559   Thumb Code   124  stm32f4xx_tim.o(.text)
    TIM_GetCapture1                          0x080045d5   Thumb Code     6  stm32f4xx_tim.o(.text)
    TIM_GetCapture2                          0x080045db   Thumb Code     6  stm32f4xx_tim.o(.text)
    TIM_GetCapture3                          0x080045e1   Thumb Code     6  stm32f4xx_tim.o(.text)
    TIM_GetCapture4                          0x080045e7   Thumb Code     6  stm32f4xx_tim.o(.text)
    TIM_BDTRConfig                           0x080045ed   Thumb Code    32  stm32f4xx_tim.o(.text)
    TIM_BDTRStructInit                       0x0800460d   Thumb Code    18  stm32f4xx_tim.o(.text)
    TIM_CtrlPWMOutputs                       0x0800461f   Thumb Code    30  stm32f4xx_tim.o(.text)
    TIM_SelectCOM                            0x0800463d   Thumb Code    24  stm32f4xx_tim.o(.text)
    TIM_CCPreloadControl                     0x08004655   Thumb Code    24  stm32f4xx_tim.o(.text)
    TIM_ITConfig                             0x0800466d   Thumb Code    18  stm32f4xx_tim.o(.text)
    TIM_GenerateEvent                        0x0800467f   Thumb Code     4  stm32f4xx_tim.o(.text)
    TIM_GetFlagStatus                        0x08004683   Thumb Code    18  stm32f4xx_tim.o(.text)
    TIM_ClearFlag                            0x08004695   Thumb Code     6  stm32f4xx_tim.o(.text)
    TIM_GetITStatus                          0x0800469b   Thumb Code    34  stm32f4xx_tim.o(.text)
    TIM_ClearITPendingBit                    0x080046bd   Thumb Code     6  stm32f4xx_tim.o(.text)
    TIM_DMAConfig                            0x080046c3   Thumb Code    10  stm32f4xx_tim.o(.text)
    TIM_DMACmd                               0x080046cd   Thumb Code    18  stm32f4xx_tim.o(.text)
    TIM_SelectCCDMA                          0x080046df   Thumb Code    24  stm32f4xx_tim.o(.text)
    TIM_InternalClockConfig                  0x080046f7   Thumb Code    12  stm32f4xx_tim.o(.text)
    TIM_SelectInputTrigger                   0x08004703   Thumb Code    18  stm32f4xx_tim.o(.text)
    TIM_ITRxExternalClockConfig              0x08004715   Thumb Code    24  stm32f4xx_tim.o(.text)
    TIM_TIxExternalClockConfig               0x0800472d   Thumb Code    62  stm32f4xx_tim.o(.text)
    TIM_ETRConfig                            0x0800476b   Thumb Code    28  stm32f4xx_tim.o(.text)
    TIM_ETRClockMode1Config                  0x08004787   Thumb Code    54  stm32f4xx_tim.o(.text)
    TIM_ETRClockMode2Config                  0x080047bd   Thumb Code    32  stm32f4xx_tim.o(.text)
    TIM_SelectOutputTrigger                  0x080047dd   Thumb Code    18  stm32f4xx_tim.o(.text)
    TIM_SelectSlaveMode                      0x080047ef   Thumb Code    18  stm32f4xx_tim.o(.text)
    TIM_SelectMasterSlaveMode                0x08004801   Thumb Code    18  stm32f4xx_tim.o(.text)
    TIM_EncoderInterfaceConfig               0x08004813   Thumb Code    66  stm32f4xx_tim.o(.text)
    TIM_SelectHallSensor                     0x08004855   Thumb Code    24  stm32f4xx_tim.o(.text)
    TIM_RemapConfig                          0x0800486d   Thumb Code     6  stm32f4xx_tim.o(.text)
    USART_DeInit                             0x08004875   Thumb Code   206  stm32f4xx_usart.o(.text)
    USART_Init                               0x08004943   Thumb Code   204  stm32f4xx_usart.o(.text)
    USART_StructInit                         0x08004a0f   Thumb Code    24  stm32f4xx_usart.o(.text)
    USART_ClockInit                          0x08004a27   Thumb Code    32  stm32f4xx_usart.o(.text)
    USART_ClockStructInit                    0x08004a47   Thumb Code    12  stm32f4xx_usart.o(.text)
    USART_Cmd                                0x08004a53   Thumb Code    24  stm32f4xx_usart.o(.text)
    USART_SetPrescaler                       0x08004a6b   Thumb Code    16  stm32f4xx_usart.o(.text)
    USART_OverSampling8Cmd                   0x08004a7b   Thumb Code    22  stm32f4xx_usart.o(.text)
    USART_OneBitMethodCmd                    0x08004a91   Thumb Code    24  stm32f4xx_usart.o(.text)
    USART_SendData                           0x08004aa9   Thumb Code     8  stm32f4xx_usart.o(.text)
    USART_ReceiveData                        0x08004ab1   Thumb Code    10  stm32f4xx_usart.o(.text)
    USART_SetAddress                         0x08004abb   Thumb Code    18  stm32f4xx_usart.o(.text)
    USART_ReceiverWakeUpCmd                  0x08004acd   Thumb Code    24  stm32f4xx_usart.o(.text)
    USART_WakeUpConfig                       0x08004ae5   Thumb Code    18  stm32f4xx_usart.o(.text)
    USART_LINBreakDetectLengthConfig         0x08004af7   Thumb Code    18  stm32f4xx_usart.o(.text)
    USART_LINCmd                             0x08004b09   Thumb Code    24  stm32f4xx_usart.o(.text)
    USART_SendBreak                          0x08004b21   Thumb Code    10  stm32f4xx_usart.o(.text)
    USART_HalfDuplexCmd                      0x08004b2b   Thumb Code    24  stm32f4xx_usart.o(.text)
    USART_SetGuardTime                       0x08004b43   Thumb Code    16  stm32f4xx_usart.o(.text)
    USART_SmartCardCmd                       0x08004b53   Thumb Code    24  stm32f4xx_usart.o(.text)
    USART_SmartCardNACKCmd                   0x08004b6b   Thumb Code    24  stm32f4xx_usart.o(.text)
    USART_IrDAConfig                         0x08004b83   Thumb Code    18  stm32f4xx_usart.o(.text)
    USART_IrDACmd                            0x08004b95   Thumb Code    24  stm32f4xx_usart.o(.text)
    USART_DMACmd                             0x08004bad   Thumb Code    18  stm32f4xx_usart.o(.text)
    USART_ITConfig                           0x08004bbf   Thumb Code    74  stm32f4xx_usart.o(.text)
    USART_GetFlagStatus                      0x08004c09   Thumb Code    26  stm32f4xx_usart.o(.text)
    USART_ClearFlag                          0x08004c23   Thumb Code    18  stm32f4xx_usart.o(.text)
    USART_GetITStatus                        0x08004c35   Thumb Code   118  stm32f4xx_usart.o(.text)
    USART_ClearITPendingBit                  0x08004cab   Thumb Code    30  stm32f4xx_usart.o(.text)
    __aeabi_memcpy                           0x08004cc9   Thumb Code     0  rt_memcpy_v6.o(.text)
    __rt_memcpy                              0x08004cc9   Thumb Code   138  rt_memcpy_v6.o(.text)
    _memcpy_lastbytes                        0x08004d2f   Thumb Code     0  rt_memcpy_v6.o(.text)
    __aeabi_memset                           0x08004d53   Thumb Code    16  aeabi_memset.o(.text)
    __use_two_region_memory                  0x08004d63   Thumb Code     2  heapauxi.o(.text)
    __rt_heap_escrow$2region                 0x08004d65   Thumb Code     2  heapauxi.o(.text)
    __rt_heap_expand$2region                 0x08004d67   Thumb Code     2  heapauxi.o(.text)
    __aeabi_memcpy4                          0x08004d69   Thumb Code     0  rt_memcpy_w.o(.text)
    __aeabi_memcpy8                          0x08004d69   Thumb Code     0  rt_memcpy_w.o(.text)
    __rt_memcpy_w                            0x08004d69   Thumb Code   100  rt_memcpy_w.o(.text)
    _memcpy_lastbytes_aligned                0x08004db1   Thumb Code     0  rt_memcpy_w.o(.text)
    __aeabi_memclr                           0x08004dcd   Thumb Code     0  rt_memclr.o(.text)
    __rt_memclr                              0x08004dcd   Thumb Code    68  rt_memclr.o(.text)
    _memset                                  0x08004dd1   Thumb Code     0  rt_memclr.o(.text)
    __aeabi_memclr4                          0x08004e11   Thumb Code     0  rt_memclr_w.o(.text)
    __aeabi_memclr8                          0x08004e11   Thumb Code     0  rt_memclr_w.o(.text)
    __rt_memclr_w                            0x08004e11   Thumb Code    78  rt_memclr_w.o(.text)
    _memset_w                                0x08004e15   Thumb Code     0  rt_memclr_w.o(.text)
    __user_setup_stackheap                   0x08004e5f   Thumb Code    74  sys_stackheap_outer.o(.text)
    exit                                     0x08004ea9   Thumb Code    18  exit.o(.text)
    __user_libspace                          0x08004ebd   Thumb Code     8  libspace.o(.text)
    __user_perproc_libspace                  0x08004ebd   Thumb Code     0  libspace.o(.text)
    __user_perthread_libspace                0x08004ebd   Thumb Code     0  libspace.o(.text)
    _sys_exit                                0x08004ec5   Thumb Code     8  sys_exit.o(.text)
    __I$use$semihosting                      0x08004ed1   Thumb Code     0  use_no_semi.o(.text)
    __use_no_semihosting_swi                 0x08004ed1   Thumb Code     2  use_no_semi.o(.text)
    __semihosting_library_function           0x08004ed3   Thumb Code     0  indicate_semi.o(.text)
    _fp_init                                 0x08004ed3   Thumb Code    10  fpinit.o(x$fpl$fpinit)
    __fplib_config_fpu_vfp                   0x08004edb   Thumb Code     0  fpinit.o(x$fpl$fpinit)
    __fplib_config_pureend_doubles           0x08004edb   Thumb Code     0  fpinit.o(x$fpl$fpinit)
    GPIO_PIN                                 0x08004edc   Data           8  discoveryf4utils.o(.constdata)
    GPIO_CLK                                 0x08004ee4   Data          16  discoveryf4utils.o(.constdata)
    BUTTON_PIN                               0x08004ef4   Data           2  discoveryf4utils.o(.constdata)
    BUTTON_CLK                               0x08004ef8   Data           4  discoveryf4utils.o(.constdata)
    BUTTON_EXTI_LINE                         0x08004efc   Data           2  discoveryf4utils.o(.constdata)
    BUTTON_PORT_SOURCE                       0x08004efe   Data           1  discoveryf4utils.o(.constdata)
    BUTTON_PIN_SOURCE                        0x08004eff   Data           1  discoveryf4utils.o(.constdata)
    BUTTON_IRQn                              0x08004f00   Data           1  discoveryf4utils.o(.constdata)
    COM_USART_CLK                            0x08004f04   Data           4  discoveryf4utils.o(.constdata)
    COM_TX_PORT_CLK                          0x08004f08   Data           4  discoveryf4utils.o(.constdata)
    COM_RX_PORT_CLK                          0x08004f0c   Data           4  discoveryf4utils.o(.constdata)
    COM_TX_PIN                               0x08004f10   Data           2  discoveryf4utils.o(.constdata)
    COM_RX_PIN                               0x08004f12   Data           2  discoveryf4utils.o(.constdata)
    COM_TX_PIN_SOURCE                        0x08004f14   Data           2  discoveryf4utils.o(.constdata)
    COM_RX_PIN_SOURCE                        0x08004f16   Data           2  discoveryf4utils.o(.constdata)
    COM_TX_AF                                0x08004f18   Data           2  discoveryf4utils.o(.constdata)
    COM_RX_AF                                0x08004f1a   Data           2  discoveryf4utils.o(.constdata)
    Region$$Table$$Base                      0x08004f1c   Number         0  anon$$obj.o(Region$$Table)
    Region$$Table$$Limit                     0x08004f3c   Number         0  anon$$obj.o(Region$$Table)
    SystemCoreClock                          0x20000000   Data           4  system_stm32f4xx.o(.data)
    AHBPrescTable                            0x20000004   Data          16  system_stm32f4xx.o(.data)
    currState                                0x20000014   Data           4  main.o(.data)
    currDebounceState                        0x20000018   Data           4  main.o(.data)
    currButtonState                          0x2000001c   Data           4  main.o(.data)
    coffeeSelected                           0x20000020   Data           4  main.o(.data)
    pressButtonOccurred                      0x20000024   Data           4  main.o(.data)
    unpressButtonOccurred                    0x20000028   Data           4  main.o(.data)
    dpDisableSinglePress                     0x2000002c   Data           4  main.o(.data)
    lpDisableSinglePress                     0x20000030   Data           4  main.o(.data)
    ticksLastPress                           0x20000034   Data           4  main.o(.data)
    ticksLastUnpress                         0x20000038   Data           4  main.o(.data)
    GPIO_Initstructure                       0x2000003c   Data           8  main.o(.data)
    GPIO_PORT                                0x20000044   Data          16  discoveryf4utils.o(.data)
    BUTTON_PORT                              0x20000054   Data           4  discoveryf4utils.o(.data)
    NVIC_InitStructure                       0x20000058   Data           4  discoveryf4utils.o(.data)
    COM_USART                                0x2000005c   Data           4  discoveryf4utils.o(.data)
    COM_TX_PORT                              0x20000060   Data           4  discoveryf4utils.o(.data)
    COM_RX_PORT                              0x20000064   Data           4  discoveryf4utils.o(.data)
    pxCurrentTCB                             0x20000068   Data           4  tasks.o(.data)
    timer_InitStructure                      0x200000e4   Data          12  main.o(.bss)
    xQueueRegistry                           0x200000f0   Data          64  queue.o(.bss)
    __libspace_start                         0x20012e20   Data          96  libspace.o(.bss)
    __temporary_stack_top$libspace           0x20012e80   Data           0  libspace.o(.bss)



==============================================================================

Memory Map of the image

  Image Entry point : 0x08000189

  Load Region LR_IROM1 (Base: 0x08000000, Size: 0x00005020, Max: 0x00100000, ABSOLUTE)

    Execution Region ER_IROM1 (Exec base: 0x08000000, Load base: 0x08000000, Size: 0x00004f3c, Max: 0x00100000, ABSOLUTE)

    Exec Addr    Load Addr    Size         Type   Attr      Idx    E Section Name        Object

    0x08000000   0x08000000   0x00000188   Data   RO            3    RESET               startup_stm32f4xx.o
    0x08000188   0x08000188   0x00000008   Code   RO         1155  * !!!main             c_w.l(__main.o)
    0x08000190   0x08000190   0x00000034   Code   RO         1318    !!!scatter          c_w.l(__scatter.o)
    0x080001c4   0x080001c4   0x0000001a   Code   RO         1320    !!handler_copy      c_w.l(__scatter_copy.o)
    0x080001de   0x080001de   0x00000002   PAD
    0x080001e0   0x080001e0   0x0000001c   Code   RO         1322    !!handler_zi        c_w.l(__scatter_zi.o)
    0x080001fc   0x080001fc   0x00000002   Code   RO         1188    .ARM.Collect$$libinit$$00000000  c_w.l(libinit.o)
    0x080001fe   0x080001fe   0x00000004   Code   RO         1194    .ARM.Collect$$libinit$$00000001  c_w.l(libinit2.o)
    0x08000202   0x08000202   0x00000000   Code   RO         1197    .ARM.Collect$$libinit$$00000004  c_w.l(libinit2.o)
    0x08000202   0x08000202   0x00000000   Code   RO         1200    .ARM.Collect$$libinit$$0000000A  c_w.l(libinit2.o)
    0x08000202   0x08000202   0x00000000   Code   RO         1202    .ARM.Collect$$libinit$$0000000C  c_w.l(libinit2.o)
    0x08000202   0x08000202   0x00000000   Code   RO         1204    .ARM.Collect$$libinit$$0000000E  c_w.l(libinit2.o)
    0x08000202   0x08000202   0x00000000   Code   RO         1207    .ARM.Collect$$libinit$$00000011  c_w.l(libinit2.o)
    0x08000202   0x08000202   0x00000000   Code   RO         1209    .ARM.Collect$$libinit$$00000013  c_w.l(libinit2.o)
    0x08000202   0x08000202   0x00000000   Code   RO         1211    .ARM.Collect$$libinit$$00000015  c_w.l(libinit2.o)
    0x08000202   0x08000202   0x00000000   Code   RO         1213    .ARM.Collect$$libinit$$00000017  c_w.l(libinit2.o)
    0x08000202   0x08000202   0x00000000   Code   RO         1215    .ARM.Collect$$libinit$$00000019  c_w.l(libinit2.o)
    0x08000202   0x08000202   0x00000000   Code   RO         1217    .ARM.Collect$$libinit$$0000001B  c_w.l(libinit2.o)
    0x08000202   0x08000202   0x00000000   Code   RO         1219    .ARM.Collect$$libinit$$0000001D  c_w.l(libinit2.o)
    0x08000202   0x08000202   0x00000000   Code   RO         1221    .ARM.Collect$$libinit$$0000001F  c_w.l(libinit2.o)
    0x08000202   0x08000202   0x00000000   Code   RO         1223    .ARM.Collect$$libinit$$00000021  c_w.l(libinit2.o)
    0x08000202   0x08000202   0x00000000   Code   RO         1225    .ARM.Collect$$libinit$$00000023  c_w.l(libinit2.o)
    0x08000202   0x08000202   0x00000000   Code   RO         1227    .ARM.Collect$$libinit$$00000025  c_w.l(libinit2.o)
    0x08000202   0x08000202   0x00000000   Code   RO         1231    .ARM.Collect$$libinit$$0000002C  c_w.l(libinit2.o)
    0x08000202   0x08000202   0x00000000   Code   RO         1233    .ARM.Collect$$libinit$$0000002E  c_w.l(libinit2.o)
    0x08000202   0x08000202   0x00000000   Code   RO         1235    .ARM.Collect$$libinit$$00000030  c_w.l(libinit2.o)
    0x08000202   0x08000202   0x00000000   Code   RO         1237    .ARM.Collect$$libinit$$00000032  c_w.l(libinit2.o)
    0x08000202   0x08000202   0x00000002   Code   RO         1238    .ARM.Collect$$libinit$$00000033  c_w.l(libinit2.o)
    0x08000204   0x08000204   0x00000002   Code   RO         1258    .ARM.Collect$$libshutdown$$00000000  c_w.l(libshutdown.o)
    0x08000206   0x08000206   0x00000000   Code   RO         1271    .ARM.Collect$$libshutdown$$00000002  c_w.l(libshutdown2.o)
    0x08000206   0x08000206   0x00000000   Code   RO         1273    .ARM.Collect$$libshutdown$$00000004  c_w.l(libshutdown2.o)
    0x08000206   0x08000206   0x00000000   Code   RO         1276    .ARM.Collect$$libshutdown$$00000007  c_w.l(libshutdown2.o)
    0x08000206   0x08000206   0x00000000   Code   RO         1279    .ARM.Collect$$libshutdown$$0000000A  c_w.l(libshutdown2.o)
    0x08000206   0x08000206   0x00000000   Code   RO         1281    .ARM.Collect$$libshutdown$$0000000C  c_w.l(libshutdown2.o)
    0x08000206   0x08000206   0x00000000   Code   RO         1284    .ARM.Collect$$libshutdown$$0000000F  c_w.l(libshutdown2.o)
    0x08000206   0x08000206   0x00000002   Code   RO         1285    .ARM.Collect$$libshutdown$$00000010  c_w.l(libshutdown2.o)
    0x08000208   0x08000208   0x00000000   Code   RO         1157    .ARM.Collect$$rtentry$$00000000  c_w.l(__rtentry.o)
    0x08000208   0x08000208   0x00000000   Code   RO         1163    .ARM.Collect$$rtentry$$00000002  c_w.l(__rtentry2.o)
    0x08000208   0x08000208   0x00000006   Code   RO         1175    .ARM.Collect$$rtentry$$00000004  c_w.l(__rtentry4.o)
    0x0800020e   0x0800020e   0x00000000   Code   RO         1165    .ARM.Collect$$rtentry$$00000009  c_w.l(__rtentry2.o)
    0x0800020e   0x0800020e   0x00000004   Code   RO         1166    .ARM.Collect$$rtentry$$0000000A  c_w.l(__rtentry2.o)
    0x08000212   0x08000212   0x00000000   Code   RO         1168    .ARM.Collect$$rtentry$$0000000C  c_w.l(__rtentry2.o)
    0x08000212   0x08000212   0x00000008   Code   RO         1169    .ARM.Collect$$rtentry$$0000000D  c_w.l(__rtentry2.o)
    0x0800021a   0x0800021a   0x00000002   Code   RO         1192    .ARM.Collect$$rtexit$$00000000  c_w.l(rtexit.o)
    0x0800021c   0x0800021c   0x00000000   Code   RO         1240    .ARM.Collect$$rtexit$$00000002  c_w.l(rtexit2.o)
    0x0800021c   0x0800021c   0x00000004   Code   RO         1241    .ARM.Collect$$rtexit$$00000003  c_w.l(rtexit2.o)
    0x08000220   0x08000220   0x00000006   Code   RO         1242    .ARM.Collect$$rtexit$$00000004  c_w.l(rtexit2.o)
    0x08000226   0x08000226   0x00000002   PAD
    0x08000228   0x08000228   0x000000c6   Code   RO          409    .emb_text           port.o
    0x080002ee   0x080002ee   0x00000002   PAD
    0x080002f0   0x080002f0   0x00000040   Code   RO            4    .text               startup_stm32f4xx.o
    0x08000330   0x08000330   0x00000210   Code   RO           12    .text               system_stm32f4xx.o
    0x08000540   0x08000540   0x0000073c   Code   RO          139    .text               main.o
    0x08000c7c   0x08000c7c   0x00000228   Code   RO          207    .text               discoveryf4utils.o
    0x08000ea4   0x08000ea4   0x00000014   Code   RO          231    .text               stm32f4xx_it.o
    0x08000eb8   0x08000eb8   0x00000094   Code   RO          313    .text               list.o
    0x08000f4c   0x08000f4c   0x000008d8   Code   RO          333    .text               queue.o
    0x08001824   0x08001824   0x000010c8   Code   RO          359    .text               tasks.o
    0x080028ec   0x080028ec   0x00000452   Code   RO          386    .text               timers.o
    0x08002d3e   0x08002d3e   0x00000002   PAD
    0x08002d40   0x08002d40   0x00000220   Code   RO          410    .text               port.o
    0x08002f60   0x08002f60   0x00000124   Code   RO          435    .text               heap_2.o
    0x08003084   0x08003084   0x000000e0   Code   RO          458    .text               misc.o
    0x08003164   0x08003164   0x00000110   Code   RO          721    .text               stm32f4xx_exti.o
    0x08003274   0x08003274   0x00000294   Code   RO          781    .text               stm32f4xx_gpio.o
    0x08003508   0x08003508   0x00000634   Code   RO          944    .text               stm32f4xx_rcc.o
    0x08003b3c   0x08003b3c   0x00000094   Code   RO         1069    .text               stm32f4xx_syscfg.o
    0x08003bd0   0x08003bd0   0x00000ca2   Code   RO         1089    .text               stm32f4xx_tim.o
    0x08004872   0x08004872   0x00000002   PAD
    0x08004874   0x08004874   0x00000454   Code   RO         1109    .text               stm32f4xx_usart.o
    0x08004cc8   0x08004cc8   0x0000008a   Code   RO         1149    .text               c_w.l(rt_memcpy_v6.o)
    0x08004d52   0x08004d52   0x00000010   Code   RO         1151    .text               c_w.l(aeabi_memset.o)
    0x08004d62   0x08004d62   0x00000006   Code   RO         1153    .text               c_w.l(heapauxi.o)
    0x08004d68   0x08004d68   0x00000064   Code   RO         1158    .text               c_w.l(rt_memcpy_w.o)
    0x08004dcc   0x08004dcc   0x00000044   Code   RO         1160    .text               c_w.l(rt_memclr.o)
    0x08004e10   0x08004e10   0x0000004e   Code   RO         1177    .text               c_w.l(rt_memclr_w.o)
    0x08004e5e   0x08004e5e   0x0000004a   Code   RO         1179    .text               c_w.l(sys_stackheap_outer.o)
    0x08004ea8   0x08004ea8   0x00000012   Code   RO         1181    .text               c_w.l(exit.o)
    0x08004eba   0x08004eba   0x00000002   PAD
    0x08004ebc   0x08004ebc   0x00000008   Code   RO         1189    .text               c_w.l(libspace.o)
    0x08004ec4   0x08004ec4   0x0000000c   Code   RO         1250    .text               c_w.l(sys_exit.o)
    0x08004ed0   0x08004ed0   0x00000002   Code   RO         1261    .text               c_w.l(use_no_semi.o)
    0x08004ed2   0x08004ed2   0x00000000   Code   RO         1263    .text               c_w.l(indicate_semi.o)
    0x08004ed2   0x08004ed2   0x0000000a   Code   RO         1248    x$fpl$fpinit        fz_wm.l(fpinit.o)
    0x08004edc   0x08004edc   0x00000040   Data   RO          208    .constdata          discoveryf4utils.o
    0x08004f1c   0x08004f1c   0x00000020   Data   RO         1316    Region$$Table       anon$$obj.o


    Execution Region RW_IRAM1 (Exec base: 0x20000000, Load base: 0x08004f3c, Size: 0x00013480, Max: 0x00020000, ABSOLUTE)

    Exec Addr    Load Addr    Size         Type   Attr      Idx    E Section Name        Object

    0x20000000   0x08004f3c   0x00000014   Data   RW           13    .data               system_stm32f4xx.o
    0x20000014   0x08004f50   0x00000030   Data   RW          141    .data               main.o
    0x20000044   0x08004f80   0x00000024   Data   RW          209    .data               discoveryf4utils.o
    0x20000068   0x08004fa4   0x00000038   Data   RW          361    .data               tasks.o
    0x200000a0   0x08004fdc   0x00000010   Data   RW          388    .data               timers.o
    0x200000b0   0x08004fec   0x0000000c   Data   RW          411    .data               port.o
    0x200000bc   0x08004ff8   0x00000018   Data   RW          437    .data               heap_2.o
    0x200000d4   0x08005010   0x00000010   Data   RW          945    .data               stm32f4xx_rcc.o
    0x200000e4        -       0x0000000c   Zero   RW          140    .bss                main.o
    0x200000f0        -       0x00000040   Zero   RW          334    .bss                queue.o
    0x20000130        -       0x000000c8   Zero   RW          360    .bss                tasks.o
    0x200001f8        -       0x00000028   Zero   RW          387    .bss                timers.o
    0x20000220        -       0x00012c00   Zero   RW          436    .bss                heap_2.o
    0x20012e20        -       0x00000060   Zero   RW         1190    .bss                c_w.l(libspace.o)
    0x20012e80        -       0x00000200   Zero   RW            2    HEAP                startup_stm32f4xx.o
    0x20013080        -       0x00000400   Zero   RW            1    STACK               startup_stm32f4xx.o


==============================================================================

Image component sizes


      Code (inc. data)   RO Data    RW Data    ZI Data      Debug   Object Name

       552         88         64         36          0       3809   discoveryf4utils.o
         0          0          0          0          0       3844   event_groups.o
       292         26          0         24      76800       3240   heap_2.o
       148          0          0          0          0       1922   list.o
      1852        352          0         48         12      44264   main.o
       224         20          0          0          0       1957   misc.o
       742         50          0         12          0       5438   port.o
      2264          4          0          0         64      11935   queue.o
        64         26        392          0       1536        856   startup_stm32f4xx.o
       272         10          0          0          0       2427   stm32f4xx_exti.o
       660         44          0          0          0       4293   stm32f4xx_gpio.o
        20          0          0          0          0        959   stm32f4xx_it.o
      1588         52          0         16          0      13046   stm32f4xx_rcc.o
       148         12          0          0          0       1897   stm32f4xx_syscfg.o
      3234         60          0          0          0      23156   stm32f4xx_tim.o
      1108         34          0          0          0       8024   stm32f4xx_usart.o
       528         46          0         20          0     285419   system_stm32f4xx.o
      4296        242          0         56        200      17860   tasks.o
      1106         56          0         16         40       6436   timers.o

    ----------------------------------------------------------------------
     19104       1122        488        228      78652     440782   Object Totals
         0          0         32          0          0          0   (incl. Generated)
         6          0          0          0          0          0   (incl. Padding)

    ----------------------------------------------------------------------

      Code (inc. data)   RO Data    RW Data    ZI Data      Debug   Library Member Name

         8          0          0          0          0         68   __main.o
         0          0          0          0          0          0   __rtentry.o
        12          0          0          0          0          0   __rtentry2.o
         6          0          0          0          0          0   __rtentry4.o
        52          8          0          0          0          0   __scatter.o
        26          0          0          0          0          0   __scatter_copy.o
        28          0          0          0          0          0   __scatter_zi.o
        16          0          0          0          0         68   aeabi_memset.o
        18          0          0          0          0         80   exit.o
         6          0          0          0          0        152   heapauxi.o
         0          0          0          0          0          0   indicate_semi.o
         2          0          0          0          0          0   libinit.o
         6          0          0          0          0          0   libinit2.o
         2          0          0          0          0          0   libshutdown.o
         2          0          0          0          0          0   libshutdown2.o
         8          4          0          0         96         68   libspace.o
        68          0          0          0          0         68   rt_memclr.o
        78          0          0          0          0         80   rt_memclr_w.o
       138          0          0          0          0         68   rt_memcpy_v6.o
       100          0          0          0          0         80   rt_memcpy_w.o
         2          0          0          0          0          0   rtexit.o
        10          0          0          0          0          0   rtexit2.o
        12          4          0          0          0         68   sys_exit.o
        74          0          0          0          0         80   sys_stackheap_outer.o
         2          0          0          0          0         68   use_no_semi.o
        10          0          0          0          0        116   fpinit.o

    ----------------------------------------------------------------------
       692         16          0          0         96       1064   Library Totals
         6          0          0          0          0          0   (incl. Padding)

    ----------------------------------------------------------------------

      Code (inc. data)   RO Data    RW Data    ZI Data      Debug   Library Name

       676         16          0          0         96        948   c_w.l
        10          0          0          0          0        116   fz_wm.l

    ----------------------------------------------------------------------
       692         16          0          0         96       1064   Library Totals

    ----------------------------------------------------------------------

==============================================================================


      Code (inc. data)   RO Data    RW Data    ZI Data      Debug   

     19796       1138        488        228      78748     436730   Grand Totals
     19796       1138        488        228      78748     436730   ELF Image Totals
     19796       1138        488        228          0          0   ROM Totals

==============================================================================

    Total RO  Size (Code + RO Data)                20284 (  19.81kB)
    Total RW  Size (RW Data + ZI Data)             78976 (  77.13kB)
    Total ROM Size (Code + RO Data + RW Data)      20512 (  20.03kB)

==============================================================================

